Archive member included to satisfy reference by file (symbol)

c:/ac6/systemworkbench/plugins/fr.ac6.mcu.externaltools.arm-none.win32_1.17.0.201812190825/tools/compiler/bin/../lib/gcc/arm-none-eabi/7.3.1/thumb/v7e-m/fpv4-sp/hard\libgcc.a(_aeabi_uldivmod.o)
                              Drivers/STM32F4xx_HAL_Driver/Src/stm32f4xx_hal_rcc.o (__aeabi_uldivmod)
c:/ac6/systemworkbench/plugins/fr.ac6.mcu.externaltools.arm-none.win32_1.17.0.201812190825/tools/compiler/bin/../lib/gcc/arm-none-eabi/7.3.1/thumb/v7e-m/fpv4-sp/hard\libgcc.a(_udivmoddi4.o)
                              c:/ac6/systemworkbench/plugins/fr.ac6.mcu.externaltools.arm-none.win32_1.17.0.201812190825/tools/compiler/bin/../lib/gcc/arm-none-eabi/7.3.1/thumb/v7e-m/fpv4-sp/hard\libgcc.a(_aeabi_uldivmod.o) (__udivmoddi4)
c:/ac6/systemworkbench/plugins/fr.ac6.mcu.externaltools.arm-none.win32_1.17.0.201812190825/tools/compiler/bin/../lib/gcc/arm-none-eabi/7.3.1/thumb/v7e-m/fpv4-sp/hard\libgcc.a(_dvmd_tls.o)
                              c:/ac6/systemworkbench/plugins/fr.ac6.mcu.externaltools.arm-none.win32_1.17.0.201812190825/tools/compiler/bin/../lib/gcc/arm-none-eabi/7.3.1/thumb/v7e-m/fpv4-sp/hard\libgcc.a(_aeabi_uldivmod.o) (__aeabi_ldiv0)
c:/ac6/systemworkbench/plugins/fr.ac6.mcu.externaltools.arm-none.win32_1.17.0.201812190825/tools/compiler/bin/../lib/gcc/arm-none-eabi/7.3.1/../../../../arm-none-eabi/lib/thumb/v7e-m/fpv4-sp/hard\libc_nano.a(lib_a-errno.o)
                              Core/Src/syscalls.o (__errno)
c:/ac6/systemworkbench/plugins/fr.ac6.mcu.externaltools.arm-none.win32_1.17.0.201812190825/tools/compiler/bin/../lib/gcc/arm-none-eabi/7.3.1/../../../../arm-none-eabi/lib/thumb/v7e-m/fpv4-sp/hard\libc_nano.a(lib_a-exit.o)
                              c:/ac6/systemworkbench/plugins/fr.ac6.mcu.externaltools.arm-none.win32_1.17.0.201812190825/tools/compiler/bin/../lib/gcc/arm-none-eabi/7.3.1/../../../../arm-none-eabi/lib/thumb/v7e-m/fpv4-sp/hard/crt0.o (exit)
c:/ac6/systemworkbench/plugins/fr.ac6.mcu.externaltools.arm-none.win32_1.17.0.201812190825/tools/compiler/bin/../lib/gcc/arm-none-eabi/7.3.1/../../../../arm-none-eabi/lib/thumb/v7e-m/fpv4-sp/hard\libc_nano.a(lib_a-impure.o)
                              c:/ac6/systemworkbench/plugins/fr.ac6.mcu.externaltools.arm-none.win32_1.17.0.201812190825/tools/compiler/bin/../lib/gcc/arm-none-eabi/7.3.1/../../../../arm-none-eabi/lib/thumb/v7e-m/fpv4-sp/hard\libc_nano.a(lib_a-exit.o) (_global_impure_ptr)
c:/ac6/systemworkbench/plugins/fr.ac6.mcu.externaltools.arm-none.win32_1.17.0.201812190825/tools/compiler/bin/../lib/gcc/arm-none-eabi/7.3.1/../../../../arm-none-eabi/lib/thumb/v7e-m/fpv4-sp/hard\libc_nano.a(lib_a-init.o)
                              c:/ac6/systemworkbench/plugins/fr.ac6.mcu.externaltools.arm-none.win32_1.17.0.201812190825/tools/compiler/bin/../lib/gcc/arm-none-eabi/7.3.1/../../../../arm-none-eabi/lib/thumb/v7e-m/fpv4-sp/hard/crt0.o (__libc_init_array)
c:/ac6/systemworkbench/plugins/fr.ac6.mcu.externaltools.arm-none.win32_1.17.0.201812190825/tools/compiler/bin/../lib/gcc/arm-none-eabi/7.3.1/../../../../arm-none-eabi/lib/thumb/v7e-m/fpv4-sp/hard\libc_nano.a(lib_a-memcpy-stub.o)
                              Middlewares/FreeModbus/functions/mbfuncother.o (memcpy)
c:/ac6/systemworkbench/plugins/fr.ac6.mcu.externaltools.arm-none.win32_1.17.0.201812190825/tools/compiler/bin/../lib/gcc/arm-none-eabi/7.3.1/../../../../arm-none-eabi/lib/thumb/v7e-m/fpv4-sp/hard\libc_nano.a(lib_a-memset.o)
                              c:/ac6/systemworkbench/plugins/fr.ac6.mcu.externaltools.arm-none.win32_1.17.0.201812190825/tools/compiler/bin/../lib/gcc/arm-none-eabi/7.3.1/../../../../arm-none-eabi/lib/thumb/v7e-m/fpv4-sp/hard/crt0.o (memset)

Allocating common symbols
Common symbol       size              file

pxMBFrameCBTransmitterEmpty
                    0x4               Middlewares/FreeModbus/mb.o
tim                 0x4               Middlewares/FreeModbus/port/porttimer.o
pxMBPortCBTimerExpired
                    0x4               Middlewares/FreeModbus/mb.o
uwTick              0x4               Drivers/STM32F4xx_HAL_Driver/Src/stm32f4xx_hal.o
pFlash              0x20              Drivers/STM32F4xx_HAL_Driver/Src/stm32f4xx_hal_flash.o
ucRTUBuf            0x100             Middlewares/FreeModbus/rtu/mbrtu.o
hadc1               0x48              Core/Src/main.o
pxMBFrameCBByteReceived
                    0x4               Middlewares/FreeModbus/mb.o
pxMBFrameCBTransmitFSMCur
                    0x4               Middlewares/FreeModbus/mb.o
ucSDiscInBuf        0x1               Middlewares/FreeModbus/app/user_mb_app.o
hdma_adc1           0x60              Core/Src/main.o
adc_data            0x4               Core/Src/main.o
htim1               0x48              Core/Src/main.o
usSRegHoldBuf       0x4e20            Middlewares/FreeModbus/app/user_mb_app.o
pxMBFrameCBReceiveFSMCur
                    0x4               Middlewares/FreeModbus/mb.o
hspi1               0x58              Core/Src/main.o
[...]
Memory Configuration

Name             Origin             Length             Attributes
RAM              0x20000000         0x00020000         xrw
CCMRAM           0x10000000         0x00010000         xrw
FLASH            0x08000000         0x00100000         xr
*default*        0x00000000         0xffffffff

Linker script and memory map

LOAD c:/ac6/systemworkbench/plugins/fr.ac6.mcu.externaltools.arm-none.win32_1.17.0.201812190825/tools/compiler/bin/../lib/gcc/arm-none-eabi/7.3.1/thumb/v7e-m/fpv4-sp/hard/crti.o
LOAD c:/ac6/systemworkbench/plugins/fr.ac6.mcu.externaltools.arm-none.win32_1.17.0.201812190825/tools/compiler/bin/../lib/gcc/arm-none-eabi/7.3.1/thumb/v7e-m/fpv4-sp/hard/crtbegin.o
LOAD c:/ac6/systemworkbench/plugins/fr.ac6.mcu.externaltools.arm-none.win32_1.17.0.201812190825/tools/compiler/bin/../lib/gcc/arm-none-eabi/7.3.1/../../../../arm-none-eabi/lib/thumb/v7e-m/fpv4-sp/hard/crt0.o
LOAD Core/Src/main.o
LOAD Core/Src/stm32f4xx_hal_msp.o
LOAD Core/Src/stm32f4xx_it.o
LOAD Core/Src/syscalls.o
LOAD Core/Src/system_stm32f4xx.o
LOAD Drivers/STM32F4xx_HAL_Driver/Src/stm32f4xx_hal.o
LOAD Drivers/STM32F4xx_HAL_Driver/Src/stm32f4xx_hal_adc.o
LOAD Drivers/STM32F4xx_HAL_Driver/Src/stm32f4xx_hal_adc_ex.o
LOAD Drivers/STM32F4xx_HAL_Driver/Src/stm32f4xx_hal_cortex.o
LOAD Drivers/STM32F4xx_HAL_Driver/Src/stm32f4xx_hal_dma.o
LOAD Drivers/STM32F4xx_HAL_Driver/Src/stm32f4xx_hal_dma_ex.o
LOAD Drivers/STM32F4xx_HAL_Driver/Src/stm32f4xx_hal_exti.o
LOAD Drivers/STM32F4xx_HAL_Driver/Src/stm32f4xx_hal_flash.o
LOAD Drivers/STM32F4xx_HAL_Driver/Src/stm32f4xx_hal_flash_ex.o
LOAD Drivers/STM32F4xx_HAL_Driver/Src/stm32f4xx_hal_flash_ramfunc.o
LOAD Drivers/STM32F4xx_HAL_Driver/Src/stm32f4xx_hal_gpio.o
LOAD Drivers/STM32F4xx_HAL_Driver/Src/stm32f4xx_hal_pwr.o
LOAD Drivers/STM32F4xx_HAL_Driver/Src/stm32f4xx_hal_pwr_ex.o
LOAD Drivers/STM32F4xx_HAL_Driver/Src/stm32f4xx_hal_rcc.o
LOAD Drivers/STM32F4xx_HAL_Driver/Src/stm32f4xx_hal_rcc_ex.o
LOAD Drivers/STM32F4xx_HAL_Driver/Src/stm32f4xx_hal_spi.o
LOAD Drivers/STM32F4xx_HAL_Driver/Src/stm32f4xx_hal_tim.o
LOAD Drivers/STM32F4xx_HAL_Driver/Src/stm32f4xx_hal_tim_ex.o
LOAD Drivers/STM32F4xx_HAL_Driver/Src/stm32f4xx_hal_uart.o
LOAD Drivers/STM32F4xx_HAL_Driver/Src/stm32f4xx_ll_adc.o
LOAD Middlewares/FreeModbus/app/user_mb_app.o
LOAD Middlewares/FreeModbus/app/user_mb_app_m.o
LOAD Middlewares/FreeModbus/ascii/mbascii.o
LOAD Middlewares/FreeModbus/functions/mbfunccoils.o
LOAD Middlewares/FreeModbus/functions/mbfunccoils_m.o
LOAD Middlewares/FreeModbus/functions/mbfuncdiag.o
LOAD Middlewares/FreeModbus/functions/mbfuncdisc.o
LOAD Middlewares/FreeModbus/functions/mbfuncdisc_m.o
LOAD Middlewares/FreeModbus/functions/mbfuncholding.o
LOAD Middlewares/FreeModbus/functions/mbfuncholding_m.o
LOAD Middlewares/FreeModbus/functions/mbfuncinput.o
LOAD Middlewares/FreeModbus/functions/mbfuncinput_m.o
LOAD Middlewares/FreeModbus/functions/mbfuncother.o
LOAD Middlewares/FreeModbus/functions/mbutils.o
LOAD Middlewares/FreeModbus/mb.o
LOAD Middlewares/FreeModbus/mb_m.o
LOAD Middlewares/FreeModbus/port/portcritical.o
LOAD Middlewares/FreeModbus/port/portevent.o
LOAD Middlewares/FreeModbus/port/portevent_m.o
LOAD Middlewares/FreeModbus/port/portserial.o
LOAD Middlewares/FreeModbus/port/portserial_m.o
LOAD Middlewares/FreeModbus/port/porttimer.o
LOAD Middlewares/FreeModbus/port/porttimer_m.o
LOAD Middlewares/FreeModbus/rtu/mbcrc.o
LOAD Middlewares/FreeModbus/rtu/mbrtu.o
LOAD Middlewares/FreeModbus/rtu/mbrtu_m.o
LOAD Middlewares/FreeModbus/tcp/mbtcp.o
LOAD startup/startup_stm32f407xx.o
LOAD c:/ac6/systemworkbench/plugins/fr.ac6.mcu.externaltools.arm-none.win32_1.17.0.201812190825/tools/compiler/bin/../lib/gcc/arm-none-eabi/7.3.1/../../../../arm-none-eabi/lib/thumb/v7e-m/fpv4-sp/hard\libm.a
START GROUP
LOAD c:/ac6/systemworkbench/plugins/fr.ac6.mcu.externaltools.arm-none.win32_1.17.0.201812190825/tools/compiler/bin/../lib/gcc/arm-none-eabi/7.3.1/thumb/v7e-m/fpv4-sp/hard\libgcc.a
LOAD c:/ac6/systemworkbench/plugins/fr.ac6.mcu.externaltools.arm-none.win32_1.17.0.201812190825/tools/compiler/bin/../lib/gcc/arm-none-eabi/7.3.1/../../../../arm-none-eabi/lib/thumb/v7e-m/fpv4-sp/hard\libc_nano.a
END GROUP
START GROUP
LOAD c:/ac6/systemworkbench/plugins/fr.ac6.mcu.externaltools.arm-none.win32_1.17.0.201812190825/tools/compiler/bin/../lib/gcc/arm-none-eabi/7.3.1/thumb/v7e-m/fpv4-sp/hard\libgcc.a
LOAD c:/ac6/systemworkbench/plugins/fr.ac6.mcu.externaltools.arm-none.win32_1.17.0.201812190825/tools/compiler/bin/../lib/gcc/arm-none-eabi/7.3.1/../../../../arm-none-eabi/lib/thumb/v7e-m/fpv4-sp/hard\libc_nano.a
LOAD c:/ac6/systemworkbench/plugins/fr.ac6.mcu.externaltools.arm-none.win32_1.17.0.201812190825/tools/compiler/bin/../lib/gcc/arm-none-eabi/7.3.1/../../../../arm-none-eabi/lib/thumb/v7e-m/fpv4-sp/hard\libnosys.a
END GROUP
START GROUP
LOAD c:/ac6/systemworkbench/plugins/fr.ac6.mcu.externaltools.arm-none.win32_1.17.0.201812190825/tools/compiler/bin/../lib/gcc/arm-none-eabi/7.3.1/thumb/v7e-m/fpv4-sp/hard\libgcc.a
LOAD c:/ac6/systemworkbench/plugins/fr.ac6.mcu.externaltools.arm-none.win32_1.17.0.201812190825/tools/compiler/bin/../lib/gcc/arm-none-eabi/7.3.1/../../../../arm-none-eabi/lib/thumb/v7e-m/fpv4-sp/hard\libc_nano.a
LOAD c:/ac6/systemworkbench/plugins/fr.ac6.mcu.externaltools.arm-none.win32_1.17.0.201812190825/tools/compiler/bin/../lib/gcc/arm-none-eabi/7.3.1/../../../../arm-none-eabi/lib/thumb/v7e-m/fpv4-sp/hard\libnosys.a
END GROUP
LOAD c:/ac6/systemworkbench/plugins/fr.ac6.mcu.externaltools.arm-none.win32_1.17.0.201812190825/tools/compiler/bin/../lib/gcc/arm-none-eabi/7.3.1/thumb/v7e-m/fpv4-sp/hard/crtend.o
LOAD c:/ac6/systemworkbench/plugins/fr.ac6.mcu.externaltools.arm-none.win32_1.17.0.201812190825/tools/compiler/bin/../lib/gcc/arm-none-eabi/7.3.1/thumb/v7e-m/fpv4-sp/hard/crtn.o
                0x20020000                _estack = 0x20020000
                0x00000200                _Min_Heap_Size = 0x200
                0x00000400                _Min_Stack_Size = 0x400

.isr_vector     0x08000000      0x188
                0x08000000                . = ALIGN (0x4)
 *(.isr_vector)
 .isr_vector    0x08000000      0x188 startup/startup_stm32f407xx.o
                0x08000000                g_pfnVectors
                0x08000188                . = ALIGN (0x4)

.text           0x08000188     0x3bb0
                0x08000188                . = ALIGN (0x4)
 *(.text)
 .text          0x08000188       0x40 c:/ac6/systemworkbench/plugins/fr.ac6.mcu.externaltools.arm-none.win32_1.17.0.201812190825/tools/compiler/bin/../lib/gcc/arm-none-eabi/7.3.1/thumb/v7e-m/fpv4-sp/hard/crtbegin.o
 .text          0x080001c8       0x30 c:/ac6/systemworkbench/plugins/fr.ac6.mcu.externaltools.arm-none.win32_1.17.0.201812190825/tools/compiler/bin/../lib/gcc/arm-none-eabi/7.3.1/thumb/v7e-m/fpv4-sp/hard\libgcc.a(_aeabi_uldivmod.o)
                0x080001c8                __aeabi_uldivmod
 .text          0x080001f8      0x2cc c:/ac6/systemworkbench/plugins/fr.ac6.mcu.externaltools.arm-none.win32_1.17.0.201812190825/tools/compiler/bin/../lib/gcc/arm-none-eabi/7.3.1/thumb/v7e-m/fpv4-sp/hard\libgcc.a(_udivmoddi4.o)
                0x080001f8                __udivmoddi4
 .text          0x080004c4        0x4 c:/ac6/systemworkbench/plugins/fr.ac6.mcu.externaltools.arm-none.win32_1.17.0.201812190825/tools/compiler/bin/../lib/gcc/arm-none-eabi/7.3.1/thumb/v7e-m/fpv4-sp/hard\libgcc.a(_dvmd_tls.o)
                0x080004c4                __aeabi_idiv0
                0x080004c4                __aeabi_ldiv0
 *(.text*)
 .text.MX_GPIO_Init
                0x080004c8       0xc8 Core/Src/main.o
 .text.MX_DMA_Init
                0x08000590       0x34 Core/Src/main.o
 .text.Error_Handler
                0x080005c4        0x4 Core/Src/main.o
                0x080005c4                Error_Handler
 .text.MX_ADC1_Init
                0x080005c8       0x84 Core/Src/main.o
 .text.MX_TIM1_Init
                0x0800064c      0x124 Core/Src/main.o
 .text.MX_TIM7_Init
                0x08000770       0x48 Core/Src/main.o
 .text.MX_USART2_UART_Init
                0x080007b8       0x34 Core/Src/main.o
 .text.MX_SPI1_Init
                0x080007ec       0x40 Core/Src/main.o
 .text.SystemClock_Config
                0x0800082c       0xa4 Core/Src/main.o
                0x0800082c                SystemClock_Config
 .text.main     0x080008d0       0x8c Core/Src/main.o
                0x080008d0                main
 .text.HAL_MspInit
                0x0800095c       0x38 Core/Src/stm32f4xx_hal_msp.o
                0x0800095c                HAL_MspInit
 .text.HAL_ADC_MspInit
                0x08000994       0xbc Core/Src/stm32f4xx_hal_msp.o
                0x08000994                HAL_ADC_MspInit
 .text.HAL_SPI_MspInit
                0x08000a50       0x70 Core/Src/stm32f4xx_hal_msp.o
                0x08000a50                HAL_SPI_MspInit
 .text.HAL_TIM_Base_MspInit
                0x08000ac0       0xa4 Core/Src/stm32f4xx_hal_msp.o
                0x08000ac0                HAL_TIM_Base_MspInit
 .text.HAL_TIM_MspPostInit
                0x08000b64       0x5c Core/Src/stm32f4xx_hal_msp.o
                0x08000b64                HAL_TIM_MspPostInit
 .text.HAL_UART_MspInit
                0x08000bc0       0x7c Core/Src/stm32f4xx_hal_msp.o
                0x08000bc0                HAL_UART_MspInit
 .text.NMI_Handler
                0x08000c3c        0x2 Core/Src/stm32f4xx_it.o
                0x08000c3c                NMI_Handler
 .text.HardFault_Handler
                0x08000c3e        0x2 Core/Src/stm32f4xx_it.o
                0x08000c3e                HardFault_Handler
 .text.MemManage_Handler
                0x08000c40        0x2 Core/Src/stm32f4xx_it.o
                0x08000c40                MemManage_Handler
 .text.BusFault_Handler
                0x08000c42        0x2 Core/Src/stm32f4xx_it.o
                0x08000c42                BusFault_Handler
 .text.UsageFault_Handler
                0x08000c44        0x2 Core/Src/stm32f4xx_it.o
                0x08000c44                UsageFault_Handler
 .text.SVC_Handler
                0x08000c46        0x2 Core/Src/stm32f4xx_it.o
                0x08000c46                SVC_Handler
 .text.DebugMon_Handler
                0x08000c48        0x2 Core/Src/stm32f4xx_it.o
                0x08000c48                DebugMon_Handler
 .text.PendSV_Handler
                0x08000c4a        0x2 Core/Src/stm32f4xx_it.o
                0x08000c4a                PendSV_Handler
 .text.SysTick_Handler
                0x08000c4c        0x8 Core/Src/stm32f4xx_it.o
                0x08000c4c                SysTick_Handler
 .text.ADC_IRQHandler
                0x08000c54       0x10 Core/Src/stm32f4xx_it.o
                0x08000c54                ADC_IRQHandler
 .text.TIM1_BRK_TIM9_IRQHandler
                0x08000c64       0x10 Core/Src/stm32f4xx_it.o
                0x08000c64                TIM1_BRK_TIM9_IRQHandler
 .text.TIM1_UP_TIM10_IRQHandler
                0x08000c74       0x10 Core/Src/stm32f4xx_it.o
                0x08000c74                TIM1_UP_TIM10_IRQHandler
 .text.TIM1_TRG_COM_TIM11_IRQHandler
                0x08000c84       0x10 Core/Src/stm32f4xx_it.o
                0x08000c84                TIM1_TRG_COM_TIM11_IRQHandler
 .text.TIM1_CC_IRQHandler
                0x08000c94       0x10 Core/Src/stm32f4xx_it.o
                0x08000c94                TIM1_CC_IRQHandler
 .text.USART2_IRQHandler
                0x08000ca4       0x10 Core/Src/stm32f4xx_it.o
                0x08000ca4                USART2_IRQHandler
 .text.TIM7_IRQHandler
                0x08000cb4       0x10 Core/Src/stm32f4xx_it.o
                0x08000cb4                TIM7_IRQHandler
 .text.DMA2_Stream0_IRQHandler
                0x08000cc4       0x10 Core/Src/stm32f4xx_it.o
                0x08000cc4                DMA2_Stream0_IRQHandler
 .text.SystemInit
                0x08000cd4       0x14 Core/Src/system_stm32f4xx.o
                0x08000cd4                SystemInit
 .text.HAL_InitTick
                0x08000ce8       0x48 Drivers/STM32F4xx_HAL_Driver/Src/stm32f4xx_hal.o
                0x08000ce8                HAL_InitTick
 .text.HAL_Init
                0x08000d30       0x34 Drivers/STM32F4xx_HAL_Driver/Src/stm32f4xx_hal.o
                0x08000d30                HAL_Init
 .text.HAL_IncTick
                0x08000d64       0x18 Drivers/STM32F4xx_HAL_Driver/Src/stm32f4xx_hal.o
                0x08000d64                HAL_IncTick
 .text.HAL_GetTick
                0x08000d7c        0xc Drivers/STM32F4xx_HAL_Driver/Src/stm32f4xx_hal.o
                0x08000d7c                HAL_GetTick
 .text.ADC_Init
                0x08000d88      0x134 Drivers/STM32F4xx_HAL_Driver/Src/stm32f4xx_hal_adc.o
 .text.HAL_ADC_Init
                0x08000ebc       0x56 Drivers/STM32F4xx_HAL_Driver/Src/stm32f4xx_hal_adc.o
                0x08000ebc                HAL_ADC_Init
 .text.HAL_ADC_ConvCpltCallback
                0x08000f12        0x2 Drivers/STM32F4xx_HAL_Driver/Src/stm32f4xx_hal_adc.o
                0x08000f12                HAL_ADC_ConvCpltCallback
 .text.HAL_ADC_LevelOutOfWindowCallback
                0x08000f14        0x2 Drivers/STM32F4xx_HAL_Driver/Src/stm32f4xx_hal_adc.o
                0x08000f14                HAL_ADC_LevelOutOfWindowCallback
 .text.HAL_ADC_ErrorCallback
                0x08000f16        0x2 Drivers/STM32F4xx_HAL_Driver/Src/stm32f4xx_hal_adc.o
                0x08000f16                HAL_ADC_ErrorCallback
 .text.HAL_ADC_IRQHandler
                0x08000f18      0x14e Drivers/STM32F4xx_HAL_Driver/Src/stm32f4xx_hal_adc.o
                0x08000f18                HAL_ADC_IRQHandler
 *fill*         0x08001066        0x2 
 .text.HAL_ADC_ConfigChannel
                0x08001068      0x190 Drivers/STM32F4xx_HAL_Driver/Src/stm32f4xx_hal_adc.o
                0x08001068                HAL_ADC_ConfigChannel
 .text.HAL_ADCEx_InjectedConvCpltCallback
                0x080011f8        0x2 Drivers/STM32F4xx_HAL_Driver/Src/stm32f4xx_hal_adc_ex.o
                0x080011f8                HAL_ADCEx_InjectedConvCpltCallback
 *fill*         0x080011fa        0x2 
 .text.HAL_NVIC_SetPriorityGrouping
                0x080011fc       0x24 Drivers/STM32F4xx_HAL_Driver/Src/stm32f4xx_hal_cortex.o
                0x080011fc                HAL_NVIC_SetPriorityGrouping
 .text.HAL_NVIC_SetPriority
                0x08001220       0x68 Drivers/STM32F4xx_HAL_Driver/Src/stm32f4xx_hal_cortex.o
                0x08001220                HAL_NVIC_SetPriority
 .text.HAL_NVIC_EnableIRQ
                0x08001288       0x1c Drivers/STM32F4xx_HAL_Driver/Src/stm32f4xx_hal_cortex.o
                0x08001288                HAL_NVIC_EnableIRQ
 .text.HAL_SYSTICK_Config
                0x080012a4       0x2c Drivers/STM32F4xx_HAL_Driver/Src/stm32f4xx_hal_cortex.o
                0x080012a4                HAL_SYSTICK_Config
 .text.DMA_CalcBaseAndBitshift
                0x080012d0       0x3c Drivers/STM32F4xx_HAL_Driver/Src/stm32f4xx_hal_dma.o
 .text.DMA_CheckFifoParam
                0x0800130c       0x8e Drivers/STM32F4xx_HAL_Driver/Src/stm32f4xx_hal_dma.o
 *fill*         0x0800139a        0x2 
 .text.HAL_DMA_Init
                0x0800139c       0xcc Drivers/STM32F4xx_HAL_Driver/Src/stm32f4xx_hal_dma.o
                0x0800139c                HAL_DMA_Init
 .text.HAL_DMA_Abort
                0x08001468       0x94 Drivers/STM32F4xx_HAL_Driver/Src/stm32f4xx_hal_dma.o
                0x08001468                HAL_DMA_Abort
 .text.HAL_DMA_Abort_IT
                0x080014fc       0x26 Drivers/STM32F4xx_HAL_Driver/Src/stm32f4xx_hal_dma.o
                0x080014fc                HAL_DMA_Abort_IT
 *fill*         0x08001522        0x2 
 .text.HAL_DMA_IRQHandler
                0x08001524      0x1dc Drivers/STM32F4xx_HAL_Driver/Src/stm32f4xx_hal_dma.o
                0x08001524                HAL_DMA_IRQHandler
 .text.HAL_GPIO_Init
                0x08001700      0x1d4 Drivers/STM32F4xx_HAL_Driver/Src/stm32f4xx_hal_gpio.o
                0x08001700                HAL_GPIO_Init
 .text.HAL_GPIO_WritePin
                0x080018d4        0xc Drivers/STM32F4xx_HAL_Driver/Src/stm32f4xx_hal_gpio.o
                0x080018d4                HAL_GPIO_WritePin
 .text.HAL_GPIO_TogglePin
                0x080018e0       0x12 Drivers/STM32F4xx_HAL_Driver/Src/stm32f4xx_hal_gpio.o
                0x080018e0                HAL_GPIO_TogglePin
 *fill*         0x080018f2        0x2 
 .text.HAL_RCC_OscConfig
                0x080018f4      0x3f8 Drivers/STM32F4xx_HAL_Driver/Src/stm32f4xx_hal_rcc.o
                0x080018f4                HAL_RCC_OscConfig
 .text.HAL_RCC_GetSysClockFreq
                0x08001cec       0xd8 Drivers/STM32F4xx_HAL_Driver/Src/stm32f4xx_hal_rcc.o
                0x08001cec                HAL_RCC_GetSysClockFreq
 .text.HAL_RCC_ClockConfig
                0x08001dc4      0x160 Drivers/STM32F4xx_HAL_Driver/Src/stm32f4xx_hal_rcc.o
                0x08001dc4                HAL_RCC_ClockConfig
 .text.HAL_RCC_GetHCLKFreq
                0x08001f24        0xc Drivers/STM32F4xx_HAL_Driver/Src/stm32f4xx_hal_rcc.o
                0x08001f24                HAL_RCC_GetHCLKFreq
 .text.HAL_RCC_GetPCLK1Freq
                0x08001f30       0x20 Drivers/STM32F4xx_HAL_Driver/Src/stm32f4xx_hal_rcc.o
                0x08001f30                HAL_RCC_GetPCLK1Freq
 .text.HAL_RCC_GetPCLK2Freq
                0x08001f50       0x20 Drivers/STM32F4xx_HAL_Driver/Src/stm32f4xx_hal_rcc.o
                0x08001f50                HAL_RCC_GetPCLK2Freq
 .text.HAL_SPI_Init
                0x08001f70       0xbe Drivers/STM32F4xx_HAL_Driver/Src/stm32f4xx_hal_spi.o
                0x08001f70                HAL_SPI_Init
 *fill*         0x0800202e        0x2 
 .text.TIM_OC1_SetConfig
                0x08002030       0x68 Drivers/STM32F4xx_HAL_Driver/Src/stm32f4xx_hal_tim.o
 .text.TIM_OC3_SetConfig
                0x08002098       0x70 Drivers/STM32F4xx_HAL_Driver/Src/stm32f4xx_hal_tim.o
 .text.TIM_OC4_SetConfig
                0x08002108       0x50 Drivers/STM32F4xx_HAL_Driver/Src/stm32f4xx_hal_tim.o
 .text.TIM_TI1_ConfigInputStage
                0x08002158       0x26 Drivers/STM32F4xx_HAL_Driver/Src/stm32f4xx_hal_tim.o
 .text.TIM_TI2_ConfigInputStage
                0x0800217e       0x28 Drivers/STM32F4xx_HAL_Driver/Src/stm32f4xx_hal_tim.o
 .text.TIM_ITRx_SetConfig
                0x080021a6       0x10 Drivers/STM32F4xx_HAL_Driver/Src/stm32f4xx_hal_tim.o
 *fill*         0x080021b6        0x2 
 .text.HAL_TIM_Base_Start_IT
                0x080021b8       0x88 Drivers/STM32F4xx_HAL_Driver/Src/stm32f4xx_hal_tim.o
                0x080021b8                HAL_TIM_Base_Start_IT
 .text.HAL_TIM_Base_Stop_IT
                0x08002240       0x32 Drivers/STM32F4xx_HAL_Driver/Src/stm32f4xx_hal_tim.o
                0x08002240                HAL_TIM_Base_Stop_IT
 .text.HAL_TIM_OC_MspInit
                0x08002272        0x2 Drivers/STM32F4xx_HAL_Driver/Src/stm32f4xx_hal_tim.o
                0x08002272                HAL_TIM_OC_MspInit
 .text.HAL_TIM_PWM_MspInit
                0x08002274        0x2 Drivers/STM32F4xx_HAL_Driver/Src/stm32f4xx_hal_tim.o
                0x08002274                HAL_TIM_PWM_MspInit
 .text.HAL_TIM_OC_DelayElapsedCallback
                0x08002276        0x2 Drivers/STM32F4xx_HAL_Driver/Src/stm32f4xx_hal_tim.o
                0x08002276                HAL_TIM_OC_DelayElapsedCallback
 .text.HAL_TIM_IC_CaptureCallback
                0x08002278        0x2 Drivers/STM32F4xx_HAL_Driver/Src/stm32f4xx_hal_tim.o
                0x08002278                HAL_TIM_IC_CaptureCallback
 .text.HAL_TIM_PWM_PulseFinishedCallback
                0x0800227a        0x2 Drivers/STM32F4xx_HAL_Driver/Src/stm32f4xx_hal_tim.o
                0x0800227a                HAL_TIM_PWM_PulseFinishedCallback
 .text.HAL_TIM_TriggerCallback
                0x0800227c        0x2 Drivers/STM32F4xx_HAL_Driver/Src/stm32f4xx_hal_tim.o
                0x0800227c                HAL_TIM_TriggerCallback
 .text.HAL_TIM_IRQHandler
                0x0800227e      0x17a Drivers/STM32F4xx_HAL_Driver/Src/stm32f4xx_hal_tim.o
                0x0800227e                HAL_TIM_IRQHandler
 .text.TIM_Base_SetConfig
                0x080023f8       0xc8 Drivers/STM32F4xx_HAL_Driver/Src/stm32f4xx_hal_tim.o
                0x080023f8                TIM_Base_SetConfig
 .text.HAL_TIM_Base_Init
                0x080024c0       0x56 Drivers/STM32F4xx_HAL_Driver/Src/stm32f4xx_hal_tim.o
                0x080024c0                HAL_TIM_Base_Init
 .text.HAL_TIM_OC_Init
                0x08002516       0x56 Drivers/STM32F4xx_HAL_Driver/Src/stm32f4xx_hal_tim.o
                0x08002516                HAL_TIM_OC_Init
 .text.HAL_TIM_PWM_Init
                0x0800256c       0x56 Drivers/STM32F4xx_HAL_Driver/Src/stm32f4xx_hal_tim.o
                0x0800256c                HAL_TIM_PWM_Init
 *fill*         0x080025c2        0x2 
 .text.TIM_OC2_SetConfig
                0x080025c4       0x70 Drivers/STM32F4xx_HAL_Driver/Src/stm32f4xx_hal_tim.o
                0x080025c4                TIM_OC2_SetConfig
 .text.HAL_TIM_OC_ConfigChannel
                0x08002634       0x5e Drivers/STM32F4xx_HAL_Driver/Src/stm32f4xx_hal_tim.o
                0x08002634                HAL_TIM_OC_ConfigChannel
 .text.HAL_TIM_PWM_ConfigChannel
                0x08002692       0xdc Drivers/STM32F4xx_HAL_Driver/Src/stm32f4xx_hal_tim.o
                0x08002692                HAL_TIM_PWM_ConfigChannel
 .text.TIM_ETR_SetConfig
                0x0800276e       0x18 Drivers/STM32F4xx_HAL_Driver/Src/stm32f4xx_hal_tim.o
                0x0800276e                TIM_ETR_SetConfig
 .text.HAL_TIM_ConfigClockSource
                0x08002786       0xf4 Drivers/STM32F4xx_HAL_Driver/Src/stm32f4xx_hal_tim.o
                0x08002786                HAL_TIM_ConfigClockSource
 *fill*         0x0800287a        0x2 
 .text.HAL_TIMEx_MasterConfigSynchronization
                0x0800287c       0x88 Drivers/STM32F4xx_HAL_Driver/Src/stm32f4xx_hal_tim_ex.o
                0x0800287c                HAL_TIMEx_MasterConfigSynchronization
 .text.HAL_TIMEx_ConfigBreakDeadTime
                0x08002904       0x52 Drivers/STM32F4xx_HAL_Driver/Src/stm32f4xx_hal_tim_ex.o
                0x08002904                HAL_TIMEx_ConfigBreakDeadTime
 .text.HAL_TIMEx_CommutCallback
                0x08002956        0x2 Drivers/STM32F4xx_HAL_Driver/Src/stm32f4xx_hal_tim_ex.o
                0x08002956                HAL_TIMEx_CommutCallback
 .text.HAL_TIMEx_BreakCallback
                0x08002958        0x2 Drivers/STM32F4xx_HAL_Driver/Src/stm32f4xx_hal_tim_ex.o
                0x08002958                HAL_TIMEx_BreakCallback
 .text.UART_EndRxTransfer
                0x0800295a       0x5c Drivers/STM32F4xx_HAL_Driver/Src/stm32f4xx_hal_uart.o
 .text.UART_Transmit_IT
                0x080029b6       0x62 Drivers/STM32F4xx_HAL_Driver/Src/stm32f4xx_hal_uart.o
 .text.UART_SetConfig
                0x08002a18      0x134 Drivers/STM32F4xx_HAL_Driver/Src/stm32f4xx_hal_uart.o
 .text.HAL_UART_Init
                0x08002b4c       0x5e Drivers/STM32F4xx_HAL_Driver/Src/stm32f4xx_hal_uart.o
                0x08002b4c                HAL_UART_Init
 .text.HAL_UART_Transmit_IT
                0x08002baa       0x48 Drivers/STM32F4xx_HAL_Driver/Src/stm32f4xx_hal_uart.o
                0x08002baa                HAL_UART_Transmit_IT
 .text.UART_EndTransmit_IT
                0x08002bf2       0x1a Drivers/STM32F4xx_HAL_Driver/Src/stm32f4xx_hal_uart.o
 .text.HAL_UART_ErrorCallback
                0x08002c0c        0x2 Drivers/STM32F4xx_HAL_Driver/Src/stm32f4xx_hal_uart.o
                0x08002c0c                HAL_UART_ErrorCallback
 .text.UART_DMAAbortOnError
                0x08002c0e       0x10 Drivers/STM32F4xx_HAL_Driver/Src/stm32f4xx_hal_uart.o
 .text.HAL_UART_AbortTransmitCpltCallback
                0x08002c1e        0x2 Drivers/STM32F4xx_HAL_Driver/Src/stm32f4xx_hal_uart.o
                0x08002c1e                HAL_UART_AbortTransmitCpltCallback
 .text.HAL_UART_AbortTransmit_IT
                0x08002c20       0x80 Drivers/STM32F4xx_HAL_Driver/Src/stm32f4xx_hal_uart.o
                0x08002c20                HAL_UART_AbortTransmit_IT
 .text.UART_DMATxOnlyAbortCallback
                0x08002ca0       0x14 Drivers/STM32F4xx_HAL_Driver/Src/stm32f4xx_hal_uart.o
 .text.HAL_UART_AbortReceiveCpltCallback
                0x08002cb4        0x2 Drivers/STM32F4xx_HAL_Driver/Src/stm32f4xx_hal_uart.o
                0x08002cb4                HAL_UART_AbortReceiveCpltCallback
 *fill*         0x08002cb6        0x2 
 .text.HAL_UART_AbortReceive_IT
                0x08002cb8       0xbc Drivers/STM32F4xx_HAL_Driver/Src/stm32f4xx_hal_uart.o
                0x08002cb8                HAL_UART_AbortReceive_IT
 .text.UART_DMARxOnlyAbortCallback
                0x08002d74       0x16 Drivers/STM32F4xx_HAL_Driver/Src/stm32f4xx_hal_uart.o
 .text.HAL_UARTEx_RxEventCallback
                0x08002d8a        0x2 Drivers/STM32F4xx_HAL_Driver/Src/stm32f4xx_hal_uart.o
                0x08002d8a                HAL_UARTEx_RxEventCallback
 .text.UART_Receive_IT
                0x08002d8c       0xe2 Drivers/STM32F4xx_HAL_Driver/Src/stm32f4xx_hal_uart.o
 *fill*         0x08002e6e        0x2 
 .text.HAL_UART_IRQHandler
                0x08002e70      0x270 Drivers/STM32F4xx_HAL_Driver/Src/stm32f4xx_hal_uart.o
                0x08002e70                HAL_UART_IRQHandler
 .text.UART_Start_Receive_IT
                0x080030e0       0x36 Drivers/STM32F4xx_HAL_Driver/Src/stm32f4xx_hal_uart.o
                0x080030e0                UART_Start_Receive_IT
 .text.HAL_UART_Receive_IT
                0x08003116       0x38 Drivers/STM32F4xx_HAL_Driver/Src/stm32f4xx_hal_uart.o
                0x08003116                HAL_UART_Receive_IT
 .text.eMBRegInputCB
                0x0800314e        0x4 Middlewares/FreeModbus/app/user_mb_app.o
                0x0800314e                eMBRegInputCB
 *fill*         0x08003152        0x2 
 .text.eMBRegHoldingCB
                0x08003154       0x80 Middlewares/FreeModbus/app/user_mb_app.o
                0x08003154                eMBRegHoldingCB
 .text.eMBRegCoilsCB
                0x080031d4        0x4 Middlewares/FreeModbus/app/user_mb_app.o
                0x080031d4                eMBRegCoilsCB
 .text.eMBRegDiscreteCB
                0x080031d8       0x78 Middlewares/FreeModbus/app/user_mb_app.o
                0x080031d8                eMBRegDiscreteCB
 .text.eMBFuncReadCoils
                0x08003250       0x78 Middlewares/FreeModbus/functions/mbfunccoils.o
                0x08003250                eMBFuncReadCoils
 .text.eMBFuncWriteCoil
                0x080032c8       0x62 Middlewares/FreeModbus/functions/mbfunccoils.o
                0x080032c8                eMBFuncWriteCoil
 .text.eMBFuncWriteMultipleCoils
                0x0800332a       0x68 Middlewares/FreeModbus/functions/mbfunccoils.o
                0x0800332a                eMBFuncWriteMultipleCoils
 .text.eMBFuncReadDiscreteInputs
                0x08003392       0x76 Middlewares/FreeModbus/functions/mbfuncdisc.o
                0x08003392                eMBFuncReadDiscreteInputs
 .text.eMBFuncWriteHoldingRegister
                0x08003408       0x2e Middlewares/FreeModbus/functions/mbfuncholding.o
                0x08003408                eMBFuncWriteHoldingRegister
 .text.eMBFuncWriteMultipleHoldingRegister
                0x08003436       0x56 Middlewares/FreeModbus/functions/mbfuncholding.o
                0x08003436                eMBFuncWriteMultipleHoldingRegister
 .text.eMBFuncReadHoldingRegister
                0x0800348c       0x66 Middlewares/FreeModbus/functions/mbfuncholding.o
                0x0800348c                eMBFuncReadHoldingRegister
 .text.eMBFuncReadWriteMultipleHoldingRegister
                0x080034f2       0xb6 Middlewares/FreeModbus/functions/mbfuncholding.o
                0x080034f2                eMBFuncReadWriteMultipleHoldingRegister
 .text.eMBFuncReadInputRegister
                0x080035a8       0x66 Middlewares/FreeModbus/functions/mbfuncinput.o
                0x080035a8                eMBFuncReadInputRegister
 *fill*         0x0800360e        0x2 
 .text.eMBFuncReportSlaveID
                0x08003610       0x1c Middlewares/FreeModbus/functions/mbfuncother.o
                0x08003610                eMBFuncReportSlaveID
 .text.xMBUtilGetBits
                0x0800362c       0x2a Middlewares/FreeModbus/functions/mbutils.o
                0x0800362c                xMBUtilGetBits
 .text.prveMBError2Exception
                0x08003656       0x1a Middlewares/FreeModbus/functions/mbutils.o
                0x08003656                prveMBError2Exception
 .text.eMBInit  0x08003670       0x98 Middlewares/FreeModbus/mb.o
                0x08003670                eMBInit
 .text.eMBEnable
                0x08003708       0x24 Middlewares/FreeModbus/mb.o
                0x08003708                eMBEnable
 .text.eMBPoll  0x0800372c       0xe8 Middlewares/FreeModbus/mb.o
                0x0800372c                eMBPoll
 .text.__critical_enter
                0x08003814       0x10 Middlewares/FreeModbus/port/portcritical.o
                0x08003814                __critical_enter
 .text.__critical_exit
                0x08003824       0x14 Middlewares/FreeModbus/port/portcritical.o
                0x08003824                __critical_exit
 .text.xMBPortEventInit
                0x08003838       0x10 Middlewares/FreeModbus/port/portevent.o
                0x08003838                xMBPortEventInit
 .text.xMBPortEventPost
                0x08003848       0x10 Middlewares/FreeModbus/port/portevent.o
                0x08003848                xMBPortEventPost
 .text.xMBPortEventGet
                0x08003858       0x1c Middlewares/FreeModbus/port/portevent.o
                0x08003858                xMBPortEventGet
 .text.xMBPortSerialInit
                0x08003874        0xc Middlewares/FreeModbus/port/portserial.o
                0x08003874                xMBPortSerialInit
 .text.vMBPortSerialEnable
                0x08003880       0x54 Middlewares/FreeModbus/port/portserial.o
                0x08003880                vMBPortSerialEnable
 .text.xMBPortSerialPutBytes
                0x080038d4       0x18 Middlewares/FreeModbus/port/portserial.o
                0x080038d4                xMBPortSerialPutBytes
 .text.xMBPortSerialGetByte
                0x080038ec       0x10 Middlewares/FreeModbus/port/portserial.o
                0x080038ec                xMBPortSerialGetByte
 .text.HAL_UART_RxCpltCallback
                0x080038fc       0x30 Middlewares/FreeModbus/port/portserial.o
                0x080038fc                HAL_UART_RxCpltCallback
 .text.HAL_UART_TxCpltCallback
                0x0800392c       0x20 Middlewares/FreeModbus/port/portserial.o
                0x0800392c                HAL_UART_TxCpltCallback
 .text.xMBPortTimersInit
                0x0800394c       0x14 Middlewares/FreeModbus/port/porttimer.o
                0x0800394c                xMBPortTimersInit
 .text.vMBPortTimersEnable
                0x08003960       0x1c Middlewares/FreeModbus/port/porttimer.o
                0x08003960                vMBPortTimersEnable
 .text.vMBPortTimersDisable
                0x0800397c       0x10 Middlewares/FreeModbus/port/porttimer.o
                0x0800397c                vMBPortTimersDisable
 .text.HAL_TIM_PeriodElapsedCallback
                0x0800398c       0x34 Middlewares/FreeModbus/port/porttimer.o
                0x0800398c                HAL_TIM_PeriodElapsedCallback
 .text.usMBCRC16
                0x080039c0       0x34 Middlewares/FreeModbus/rtu/mbcrc.o
                0x080039c0                usMBCRC16
 .text.eMBRTUInit
                0x080039f4       0x50 Middlewares/FreeModbus/rtu/mbrtu.o
                0x080039f4                eMBRTUInit
 .text.eMBRTUStart
                0x08003a44       0x20 Middlewares/FreeModbus/rtu/mbrtu.o
                0x08003a44                eMBRTUStart
 .text.eMBRTUStop
                0x08003a64       0x18 Middlewares/FreeModbus/rtu/mbrtu.o
                0x08003a64                eMBRTUStop
 .text.eMBRTUReceive
                0x08003a7c       0x50 Middlewares/FreeModbus/rtu/mbrtu.o
                0x08003a7c                eMBRTUReceive
 .text.eMBRTUSend
                0x08003acc       0x78 Middlewares/FreeModbus/rtu/mbrtu.o
                0x08003acc                eMBRTUSend
 .text.xMBRTUReceiveFSM
                0x08003b44       0x88 Middlewares/FreeModbus/rtu/mbrtu.o
                0x08003b44                xMBRTUReceiveFSM
 .text.xMBRTUTransmitFSM
                0x08003bcc       0x58 Middlewares/FreeModbus/rtu/mbrtu.o
                0x08003bcc                xMBRTUTransmitFSM
 .text.xMBRTUTimerT35Expired
                0x08003c24       0x38 Middlewares/FreeModbus/rtu/mbrtu.o
                0x08003c24                xMBRTUTimerT35Expired
 .text.Reset_Handler
                0x08003c5c       0x50 startup/startup_stm32f407xx.o
                0x08003c5c                Reset_Handler
 .text.Default_Handler
                0x08003cac        0x2 startup/startup_stm32f407xx.o
                0x08003cac                RTC_Alarm_IRQHandler
                0x08003cac                HASH_RNG_IRQHandler
                0x08003cac                EXTI2_IRQHandler
                0x08003cac                TIM8_CC_IRQHandler
                0x08003cac                DMA2_Stream5_IRQHandler
                0x08003cac                DMA1_Stream5_IRQHandler
                0x08003cac                PVD_IRQHandler
                0x08003cac                SDIO_IRQHandler
                0x08003cac                TAMP_STAMP_IRQHandler
                0x08003cac                CAN2_RX1_IRQHandler
                0x08003cac                EXTI3_IRQHandler
                0x08003cac                TIM8_TRG_COM_TIM14_IRQHandler
                0x08003cac                TIM8_UP_TIM13_IRQHandler
                0x08003cac                I2C3_ER_IRQHandler
                0x08003cac                EXTI0_IRQHandler
                0x08003cac                I2C2_EV_IRQHandler
                0x08003cac                DMA1_Stream2_IRQHandler
                0x08003cac                CAN1_RX0_IRQHandler
                0x08003cac                FPU_IRQHandler
                0x08003cac                OTG_HS_WKUP_IRQHandler
                0x08003cac                CAN2_SCE_IRQHandler
                0x08003cac                DMA2_Stream2_IRQHandler
                0x08003cac                SPI1_IRQHandler
                0x08003cac                TIM6_DAC_IRQHandler
                0x08003cac                DCMI_IRQHandler
                0x08003cac                CAN2_RX0_IRQHandler
                0x08003cac                DMA2_Stream3_IRQHandler
                0x08003cac                USART6_IRQHandler
                0x08003cac                USART3_IRQHandler
                0x08003cac                CAN1_RX1_IRQHandler
                0x08003cac                UART5_IRQHandler
                0x08003cac                TIM4_IRQHandler
                0x08003cac                I2C1_EV_IRQHandler
                0x08003cac                DMA1_Stream6_IRQHandler
                0x08003cac                DMA1_Stream1_IRQHandler
                0x08003cac                UART4_IRQHandler
                0x08003cac                TIM3_IRQHandler
                0x08003cac                RCC_IRQHandler
                0x08003cac                TIM8_BRK_TIM12_IRQHandler
                0x08003cac                Default_Handler
                0x08003cac                EXTI15_10_IRQHandler
                0x08003cac                DMA1_Stream7_IRQHandler
                0x08003cac                CAN2_TX_IRQHandler
                0x08003cac                TIM5_IRQHandler
                0x08003cac                DMA2_Stream7_IRQHandler
                0x08003cac                I2C3_EV_IRQHandler
                0x08003cac                EXTI9_5_IRQHandler
                0x08003cac                RTC_WKUP_IRQHandler
                0x08003cac                ETH_WKUP_IRQHandler
                0x08003cac                SPI2_IRQHandler
                0x08003cac                OTG_HS_EP1_IN_IRQHandler
                0x08003cac                DMA1_Stream0_IRQHandler
                0x08003cac                CAN1_TX_IRQHandler
                0x08003cac                EXTI4_IRQHandler
                0x08003cac                FSMC_IRQHandler
                0x08003cac                ETH_IRQHandler
                0x08003cac                OTG_HS_EP1_OUT_IRQHandler
                0x08003cac                WWDG_IRQHandler
                0x08003cac                TIM2_IRQHandler
                0x08003cac                OTG_FS_WKUP_IRQHandler
                0x08003cac                OTG_HS_IRQHandler
                0x08003cac                EXTI1_IRQHandler
                0x08003cac                I2C2_ER_IRQHandler
                0x08003cac                DMA2_Stream1_IRQHandler
                0x08003cac                CAN1_SCE_IRQHandler
                0x08003cac                FLASH_IRQHandler
                0x08003cac                DMA2_Stream4_IRQHandler
                0x08003cac                USART1_IRQHandler
                0x08003cac                OTG_FS_IRQHandler
                0x08003cac                SPI3_IRQHandler
                0x08003cac                DMA1_Stream4_IRQHandler
                0x08003cac                I2C1_ER_IRQHandler
                0x08003cac                DMA2_Stream6_IRQHandler
                0x08003cac                DMA1_Stream3_IRQHandler
 *fill*         0x08003cae        0x2 
 .text.__libc_init_array
                0x08003cb0       0x48 c:/ac6/systemworkbench/plugins/fr.ac6.mcu.externaltools.arm-none.win32_1.17.0.201812190825/tools/compiler/bin/../lib/gcc/arm-none-eabi/7.3.1/../../../../arm-none-eabi/lib/thumb/v7e-m/fpv4-sp/hard\libc_nano.a(lib_a-init.o)
                0x08003cb0                __libc_init_array
 .text.memcpy   0x08003cf8       0x16 c:/ac6/systemworkbench/plugins/fr.ac6.mcu.externaltools.arm-none.win32_1.17.0.201812190825/tools/compiler/bin/../lib/gcc/arm-none-eabi/7.3.1/../../../../arm-none-eabi/lib/thumb/v7e-m/fpv4-sp/hard\libc_nano.a(lib_a-memcpy-stub.o)
                0x08003cf8                memcpy
 .text.memset   0x08003d0e       0x10 c:/ac6/systemworkbench/plugins/fr.ac6.mcu.externaltools.arm-none.win32_1.17.0.201812190825/tools/compiler/bin/../lib/gcc/arm-none-eabi/7.3.1/../../../../arm-none-eabi/lib/thumb/v7e-m/fpv4-sp/hard\libc_nano.a(lib_a-memset.o)
                0x08003d0e                memset
 *(.glue_7)
 .glue_7        0x08003d1e        0x0 linker stubs
 *(.glue_7t)
 .glue_7t       0x08003d1e        0x0 linker stubs
 *(.eh_frame)
 *fill*         0x08003d1e        0x2 
 .eh_frame      0x08003d20        0x0 c:/ac6/systemworkbench/plugins/fr.ac6.mcu.externaltools.arm-none.win32_1.17.0.201812190825/tools/compiler/bin/../lib/gcc/arm-none-eabi/7.3.1/thumb/v7e-m/fpv4-sp/hard/crtbegin.o
 *(.init)
 .init          0x08003d20        0x4 c:/ac6/systemworkbench/plugins/fr.ac6.mcu.externaltools.arm-none.win32_1.17.0.201812190825/tools/compiler/bin/../lib/gcc/arm-none-eabi/7.3.1/thumb/v7e-m/fpv4-sp/hard/crti.o
                0x08003d20                _init
 .init          0x08003d24        0x8 c:/ac6/systemworkbench/plugins/fr.ac6.mcu.externaltools.arm-none.win32_1.17.0.201812190825/tools/compiler/bin/../lib/gcc/arm-none-eabi/7.3.1/thumb/v7e-m/fpv4-sp/hard/crtn.o
 *(.fini)
 .fini          0x08003d2c        0x4 c:/ac6/systemworkbench/plugins/fr.ac6.mcu.externaltools.arm-none.win32_1.17.0.201812190825/tools/compiler/bin/../lib/gcc/arm-none-eabi/7.3.1/thumb/v7e-m/fpv4-sp/hard/crti.o
                0x08003d2c                _fini
 .fini          0x08003d30        0x8 c:/ac6/systemworkbench/plugins/fr.ac6.mcu.externaltools.arm-none.win32_1.17.0.201812190825/tools/compiler/bin/../lib/gcc/arm-none-eabi/7.3.1/thumb/v7e-m/fpv4-sp/hard/crtn.o
                0x08003d38                . = ALIGN (0x4)
                0x08003d38                _etext = .

.vfp11_veneer   0x08003d38        0x0
 .vfp11_veneer  0x08003d38        0x0 linker stubs

.v4_bx          0x08003d38        0x0
 .v4_bx         0x08003d38        0x0 linker stubs

.iplt           0x08003d38        0x0
 .iplt          0x08003d38        0x0 c:/ac6/systemworkbench/plugins/fr.ac6.mcu.externaltools.arm-none.win32_1.17.0.201812190825/tools/compiler/bin/../lib/gcc/arm-none-eabi/7.3.1/thumb/v7e-m/fpv4-sp/hard/crtbegin.o

.rodata         0x08003d38      0x220
                0x08003d38                . = ALIGN (0x4)
 *(.rodata)
 .rodata        0x08003d38       0x18 Core/Src/system_stm32f4xx.o
                0x08003d38                AHBPrescTable
                0x08003d48                APBPrescTable
 .rodata        0x08003d50        0x8 Drivers/STM32F4xx_HAL_Driver/Src/stm32f4xx_hal_dma.o
 .rodata        0x08003d58      0x200 Middlewares/FreeModbus/rtu/mbcrc.o
 *(.rodata*)
                0x08003f58                . = ALIGN (0x4)

.ARM.extab
 *(.ARM.extab* .gnu.linkonce.armextab.*)

.ARM            0x08003f58        0x8
                0x08003f58                __exidx_start = .
 *(.ARM.exidx*)
 .ARM.exidx     0x08003f58        0x8 c:/ac6/systemworkbench/plugins/fr.ac6.mcu.externaltools.arm-none.win32_1.17.0.201812190825/tools/compiler/bin/../lib/gcc/arm-none-eabi/7.3.1/thumb/v7e-m/fpv4-sp/hard\libgcc.a(_udivmoddi4.o)
                0x08003f60                __exidx_end = .

.rel.dyn        0x08003f60        0x0
 .rel.iplt      0x08003f60        0x0 c:/ac6/systemworkbench/plugins/fr.ac6.mcu.externaltools.arm-none.win32_1.17.0.201812190825/tools/compiler/bin/../lib/gcc/arm-none-eabi/7.3.1/thumb/v7e-m/fpv4-sp/hard/crtbegin.o

.preinit_array  0x08003f60        0x0
                0x08003f60                PROVIDE (__preinit_array_start = .)
 *(.preinit_array*)
                0x08003f60                PROVIDE (__preinit_array_end = .)

.init_array     0x08003f60        0x4
                0x08003f60                PROVIDE (__init_array_start = .)
 *(SORT_BY_NAME(.init_array.*))
 *(.init_array*)
 .init_array    0x08003f60        0x4 c:/ac6/systemworkbench/plugins/fr.ac6.mcu.externaltools.arm-none.win32_1.17.0.201812190825/tools/compiler/bin/../lib/gcc/arm-none-eabi/7.3.1/thumb/v7e-m/fpv4-sp/hard/crtbegin.o
                0x08003f64                PROVIDE (__init_array_end = .)

.fini_array     0x08003f64        0x4
                [!provide]                PROVIDE (__fini_array_start = .)
 *(SORT_BY_NAME(.fini_array.*))
 *(.fini_array*)
 .fini_array    0x08003f64        0x4 c:/ac6/systemworkbench/plugins/fr.ac6.mcu.externaltools.arm-none.win32_1.17.0.201812190825/tools/compiler/bin/../lib/gcc/arm-none-eabi/7.3.1/thumb/v7e-m/fpv4-sp/hard/crtbegin.o
                [!provide]                PROVIDE (__fini_array_end = .)
                0x08003f68                _sidata = LOADADDR (.data)

.data           0x20000000       0x90 load address 0x08003f68
                0x20000000                . = ALIGN (0x4)
                0x20000000                _sdata = .
 *(.data)
 .data          0x20000000        0x4 Core/Src/system_stm32f4xx.o
                0x20000000                SystemCoreClock
 .data          0x20000004        0x8 Drivers/STM32F4xx_HAL_Driver/Src/stm32f4xx_hal.o
                0x20000004                uwTickFreq
                0x20000008                uwTickPrio
 .data          0x2000000c       0x84 Middlewares/FreeModbus/mb.o
 *(.data*)
                0x20000090                . = ALIGN (0x4)
                0x20000090                _edata = .
                0x08003ff8                _siccmram = LOADADDR (.ccmram)

.igot.plt       0x20000090        0x0 load address 0x08003ff8
 .igot.plt      0x20000090        0x0 c:/ac6/systemworkbench/plugins/fr.ac6.mcu.externaltools.arm-none.win32_1.17.0.201812190825/tools/compiler/bin/../lib/gcc/arm-none-eabi/7.3.1/thumb/v7e-m/fpv4-sp/hard/crtbegin.o

.ccmram         0x10000000        0x0 load address 0x08003ff8
                0x10000000                . = ALIGN (0x4)
                0x10000000                _sccmram = .
 *(.ccmram)
 *(.ccmram*)
                0x10000000                . = ALIGN (0x4)
                0x10000000                _eccmram = .
                0x10000000                . = ALIGN (0x4)

.bss            0x20000090     0x519c
                0x20000090                _sbss = .
                0x20000090                __bss_start__ = _sbss
 *(.bss)
 .bss           0x20000090       0x1c c:/ac6/systemworkbench/plugins/fr.ac6.mcu.externaltools.arm-none.win32_1.17.0.201812190825/tools/compiler/bin/../lib/gcc/arm-none-eabi/7.3.1/thumb/v7e-m/fpv4-sp/hard/crtbegin.o
 .bss           0x200000ac        0x4 Middlewares/FreeModbus/app/user_mb_app.o
                0x200000ac                usSRegHoldStart
                0x200000ae                usSDiscInStart
 .bss           0x200000b0       0x22 Middlewares/FreeModbus/functions/mbfuncother.o
 *fill*         0x200000d2        0x2 
 .bss           0x200000d4       0x23 Middlewares/FreeModbus/mb.o
 *fill*         0x200000f7        0x1 
 .bss           0x200000f8        0x4 Middlewares/FreeModbus/port/portcritical.o
 .bss           0x200000fc        0x2 Middlewares/FreeModbus/port/portevent.o
 .bss           0x200000fe        0x1 Middlewares/FreeModbus/port/portserial.o
 *fill*         0x200000ff        0x1 
 .bss           0x20000100        0x4 Middlewares/FreeModbus/port/porttimer.o
                0x20000102                counter
 .bss           0x20000104        0xb Middlewares/FreeModbus/rtu/mbrtu.o
 *(.bss*)
 *(COMMON)
 *fill*         0x2000010f        0x1 
 COMMON         0x20000110      0x1d8 Core/Src/main.o
                0x20000110                hadc1
                0x20000158                hdma_adc1
                0x200001b8                adc_data
                0x200001bc                htim1
                0x20000204                hspi1
                0x2000025c                huart2
                0x200002a0                htim7
 COMMON         0x200002e8        0x4 Drivers/STM32F4xx_HAL_Driver/Src/stm32f4xx_hal.o
                0x200002e8                uwTick
 COMMON         0x200002ec     0x4e24 Middlewares/FreeModbus/app/user_mb_app.o
                0x200002ec                ucSDiscInBuf
                0x200002f0                usSRegHoldBuf
 COMMON         0x20005110       0x14 Middlewares/FreeModbus/mb.o
                0x20005110                pxMBFrameCBTransmitterEmpty
                0x20005114                pxMBPortCBTimerExpired
                0x20005118                pxMBFrameCBByteReceived
                0x2000511c                pxMBFrameCBTransmitFSMCur
                0x20005120                pxMBFrameCBReceiveFSMCur
 COMMON         0x20005124        0x4 Middlewares/FreeModbus/port/portserial.o
                0x20005124                uart
 COMMON         0x20005128        0x4 Middlewares/FreeModbus/port/porttimer.o
                0x20005128                tim
 COMMON         0x2000512c      0x100 Middlewares/FreeModbus/rtu/mbrtu.o
                0x2000512c                ucRTUBuf
                0x2000522c                . = ALIGN (0x4)
                0x2000522c                _ebss = .
                0x2000522c                __bss_end__ = _ebss

._user_heap_stack
                0x2000522c      0x604
                0x20005230                . = ALIGN (0x8)
 *fill*         0x2000522c        0x4 
                0x20005230                PROVIDE (end = .)
                [!provide]                PROVIDE (_end = .)
                0x20005430                . = (. + _Min_Heap_Size)
 *fill*         0x20005230      0x200 
                0x20005830                . = (. + _Min_Stack_Size)
 *fill*         0x20005430      0x400 
                0x20005830                . = ALIGN (0x8)

/DISCARD/
 libc.a(*)
 libm.a(*)
 libgcc.a(*)

.ARM.attributes
                0x00000000       0x30
 *(.ARM.attributes)
 .ARM.attributes
                0x00000000       0x22 c:/ac6/systemworkbench/plugins/fr.ac6.mcu.externaltools.arm-none.win32_1.17.0.201812190825/tools/compiler/bin/../lib/gcc/arm-none-eabi/7.3.1/thumb/v7e-m/fpv4-sp/hard/crti.o
 .ARM.attributes
                0x00000022       0x34 c:/ac6/systemworkbench/plugins/fr.ac6.mcu.externaltools.arm-none.win32_1.17.0.201812190825/tools/compiler/bin/../lib/gcc/arm-none-eabi/7.3.1/thumb/v7e-m/fpv4-sp/hard/crtbegin.o
 .ARM.attributes
                0x00000056       0x39 Core/Src/main.o
 .ARM.attributes
                0x0000008f       0x39 Core/Src/stm32f4xx_hal_msp.o
 .ARM.attributes
                0x000000c8       0x39 Core/Src/stm32f4xx_it.o
 .ARM.attributes
                0x00000101       0x39 Core/Src/system_stm32f4xx.o
 .ARM.attributes
                0x0000013a       0x39 Drivers/STM32F4xx_HAL_Driver/Src/stm32f4xx_hal.o
 .ARM.attributes
                0x00000173       0x39 Drivers/STM32F4xx_HAL_Driver/Src/stm32f4xx_hal_adc.o
 .ARM.attributes
                0x000001ac       0x39 Drivers/STM32F4xx_HAL_Driver/Src/stm32f4xx_hal_adc_ex.o
 .ARM.attributes
                0x000001e5       0x39 Drivers/STM32F4xx_HAL_Driver/Src/stm32f4xx_hal_cortex.o
 .ARM.attributes
                0x0000021e       0x39 Drivers/STM32F4xx_HAL_Driver/Src/stm32f4xx_hal_dma.o
 .ARM.attributes
                0x00000257       0x39 Drivers/STM32F4xx_HAL_Driver/Src/stm32f4xx_hal_gpio.o
 .ARM.attributes
                0x00000290       0x39 Drivers/STM32F4xx_HAL_Driver/Src/stm32f4xx_hal_rcc.o
 .ARM.attributes
                0x000002c9       0x39 Drivers/STM32F4xx_HAL_Driver/Src/stm32f4xx_hal_spi.o
 .ARM.attributes
                0x00000302       0x39 Drivers/STM32F4xx_HAL_Driver/Src/stm32f4xx_hal_tim.o
 .ARM.attributes
                0x0000033b       0x39 Drivers/STM32F4xx_HAL_Driver/Src/stm32f4xx_hal_tim_ex.o
 .ARM.attributes
                0x00000374       0x39 Drivers/STM32F4xx_HAL_Driver/Src/stm32f4xx_hal_uart.o
 .ARM.attributes
                0x000003ad       0x39 Middlewares/FreeModbus/app/user_mb_app.o
 .ARM.attributes
                0x000003e6       0x39 Middlewares/FreeModbus/functions/mbfunccoils.o
 .ARM.attributes
                0x0000041f       0x39 Middlewares/FreeModbus/functions/mbfuncdisc.o
 .ARM.attributes
                0x00000458       0x39 Middlewares/FreeModbus/functions/mbfuncholding.o
 .ARM.attributes
                0x00000491       0x39 Middlewares/FreeModbus/functions/mbfuncinput.o
 .ARM.attributes
                0x000004ca       0x39 Middlewares/FreeModbus/functions/mbfuncother.o
 .ARM.attributes
                0x00000503       0x39 Middlewares/FreeModbus/functions/mbutils.o
 .ARM.attributes
                0x0000053c       0x39 Middlewares/FreeModbus/mb.o
 .ARM.attributes
                0x00000575       0x39 Middlewares/FreeModbus/port/portcritical.o
 .ARM.attributes
                0x000005ae       0x39 Middlewares/FreeModbus/port/portevent.o
 .ARM.attributes
                0x000005e7       0x39 Middlewares/FreeModbus/port/portserial.o
 .ARM.attributes
                0x00000620       0x39 Middlewares/FreeModbus/port/porttimer.o
 .ARM.attributes
                0x00000659       0x39 Middlewares/FreeModbus/rtu/mbcrc.o
 .ARM.attributes
                0x00000692       0x39 Middlewares/FreeModbus/rtu/mbrtu.o
 .ARM.attributes
                0x000006cb       0x21 startup/startup_stm32f407xx.o
 .ARM.attributes
                0x000006ec       0x22 c:/ac6/systemworkbench/plugins/fr.ac6.mcu.externaltools.arm-none.win32_1.17.0.201812190825/tools/compiler/bin/../lib/gcc/arm-none-eabi/7.3.1/thumb/v7e-m/fpv4-sp/hard\libgcc.a(_aeabi_uldivmod.o)
 .ARM.attributes
                0x0000070e       0x34 c:/ac6/systemworkbench/plugins/fr.ac6.mcu.externaltools.arm-none.win32_1.17.0.201812190825/tools/compiler/bin/../lib/gcc/arm-none-eabi/7.3.1/thumb/v7e-m/fpv4-sp/hard\libgcc.a(_udivmoddi4.o)
 .ARM.attributes
                0x00000742       0x22 c:/ac6/systemworkbench/plugins/fr.ac6.mcu.externaltools.arm-none.win32_1.17.0.201812190825/tools/compiler/bin/../lib/gcc/arm-none-eabi/7.3.1/thumb/v7e-m/fpv4-sp/hard\libgcc.a(_dvmd_tls.o)
 .ARM.attributes
                0x00000764       0x34 c:/ac6/systemworkbench/plugins/fr.ac6.mcu.externaltools.arm-none.win32_1.17.0.201812190825/tools/compiler/bin/../lib/gcc/arm-none-eabi/7.3.1/../../../../arm-none-eabi/lib/thumb/v7e-m/fpv4-sp/hard\libc_nano.a(lib_a-init.o)
 .ARM.attributes
                0x00000798       0x34 c:/ac6/systemworkbench/plugins/fr.ac6.mcu.externaltools.arm-none.win32_1.17.0.201812190825/tools/compiler/bin/../lib/gcc/arm-none-eabi/7.3.1/../../../../arm-none-eabi/lib/thumb/v7e-m/fpv4-sp/hard\libc_nano.a(lib_a-memcpy-stub.o)
 .ARM.attributes
                0x000007cc       0x34 c:/ac6/systemworkbench/plugins/fr.ac6.mcu.externaltools.arm-none.win32_1.17.0.201812190825/tools/compiler/bin/../lib/gcc/arm-none-eabi/7.3.1/../../../../arm-none-eabi/lib/thumb/v7e-m/fpv4-sp/hard\libc_nano.a(lib_a-memset.o)
 .ARM.attributes
                0x00000800       0x22 c:/ac6/systemworkbench/plugins/fr.ac6.mcu.externaltools.arm-none.win32_1.17.0.201812190825/tools/compiler/bin/../lib/gcc/arm-none-eabi/7.3.1/thumb/v7e-m/fpv4-sp/hard/crtn.o
OUTPUT(AVIA_test_1.elf elf32-littlearm)

.debug_info     0x00000000    0x1c7eb
 .debug_info    0x00000000     0x1ecd Core/Src/main.o
 .debug_info    0x00001ecd     0x1879 Core/Src/stm32f4xx_hal_msp.o
 .debug_info    0x00003746      0xd4c Core/Src/stm32f4xx_it.o
 .debug_info    0x00004492      0x559 Core/Src/system_stm32f4xx.o
 .debug_info    0x000049eb      0x9f1 Drivers/STM32F4xx_HAL_Driver/Src/stm32f4xx_hal.o
 .debug_info    0x000053dc      0xe13 Drivers/STM32F4xx_HAL_Driver/Src/stm32f4xx_hal_adc.o
 .debug_info    0x000061ef      0xc3c Drivers/STM32F4xx_HAL_Driver/Src/stm32f4xx_hal_adc_ex.o
 .debug_info    0x00006e2b      0xf8c Drivers/STM32F4xx_HAL_Driver/Src/stm32f4xx_hal_cortex.o
 .debug_info    0x00007db7      0xaad Drivers/STM32F4xx_HAL_Driver/Src/stm32f4xx_hal_dma.o
 .debug_info    0x00008864      0x7d0 Drivers/STM32F4xx_HAL_Driver/Src/stm32f4xx_hal_gpio.o
 .debug_info    0x00009034      0xa94 Drivers/STM32F4xx_HAL_Driver/Src/stm32f4xx_hal_rcc.o
 .debug_info    0x00009ac8     0x1c4c Drivers/STM32F4xx_HAL_Driver/Src/stm32f4xx_hal_spi.o
 .debug_info    0x0000b714     0x373d Drivers/STM32F4xx_HAL_Driver/Src/stm32f4xx_hal_tim.o
 .debug_info    0x0000ee51     0x1877 Drivers/STM32F4xx_HAL_Driver/Src/stm32f4xx_hal_tim_ex.o
 .debug_info    0x000106c8     0x392a Drivers/STM32F4xx_HAL_Driver/Src/stm32f4xx_hal_uart.o
 .debug_info    0x00013ff2      0x511 Middlewares/FreeModbus/app/user_mb_app.o
 .debug_info    0x00014503      0xd21 Middlewares/FreeModbus/functions/mbfunccoils.o
 .debug_info    0x00015224      0xb95 Middlewares/FreeModbus/functions/mbfuncdisc.o
 .debug_info    0x00015db9      0xdeb Middlewares/FreeModbus/functions/mbfuncholding.o
 .debug_info    0x00016ba4      0xb92 Middlewares/FreeModbus/functions/mbfuncinput.o
 .debug_info    0x00017736      0xbff Middlewares/FreeModbus/functions/mbfuncother.o
 .debug_info    0x00018335      0xc16 Middlewares/FreeModbus/functions/mbutils.o
 .debug_info    0x00018f4b      0xfe3 Middlewares/FreeModbus/mb.o
 .debug_info    0x00019f2e      0x1dc Middlewares/FreeModbus/port/portcritical.o
 .debug_info    0x0001a10a      0x29f Middlewares/FreeModbus/port/portevent.o
 .debug_info    0x0001a3a9      0x9c4 Middlewares/FreeModbus/port/portserial.o
 .debug_info    0x0001ad6d      0x845 Middlewares/FreeModbus/port/porttimer.o
 .debug_info    0x0001b5b2      0x24b Middlewares/FreeModbus/rtu/mbcrc.o
 .debug_info    0x0001b7fd      0xfcc Middlewares/FreeModbus/rtu/mbrtu.o
 .debug_info    0x0001c7c9       0x22 startup/startup_stm32f407xx.o

.debug_abbrev   0x00000000     0x3d3f
 .debug_abbrev  0x00000000      0x29b Core/Src/main.o
 .debug_abbrev  0x0000029b      0x217 Core/Src/stm32f4xx_hal_msp.o
 .debug_abbrev  0x000004b2      0x1b2 Core/Src/stm32f4xx_it.o
 .debug_abbrev  0x00000664      0x12b Core/Src/system_stm32f4xx.o
 .debug_abbrev  0x0000078f      0x1ed Drivers/STM32F4xx_HAL_Driver/Src/stm32f4xx_hal.o
 .debug_abbrev  0x0000097c      0x242 Drivers/STM32F4xx_HAL_Driver/Src/stm32f4xx_hal_adc.o
 .debug_abbrev  0x00000bbe      0x271 Drivers/STM32F4xx_HAL_Driver/Src/stm32f4xx_hal_adc_ex.o
 .debug_abbrev  0x00000e2f      0x328 Drivers/STM32F4xx_HAL_Driver/Src/stm32f4xx_hal_cortex.o
 .debug_abbrev  0x00001157      0x290 Drivers/STM32F4xx_HAL_Driver/Src/stm32f4xx_hal_dma.o
 .debug_abbrev  0x000013e7      0x1e7 Drivers/STM32F4xx_HAL_Driver/Src/stm32f4xx_hal_gpio.o
 .debug_abbrev  0x000015ce      0x273 Drivers/STM32F4xx_HAL_Driver/Src/stm32f4xx_hal_rcc.o
 .debug_abbrev  0x00001841      0x249 Drivers/STM32F4xx_HAL_Driver/Src/stm32f4xx_hal_spi.o
 .debug_abbrev  0x00001a8a      0x235 Drivers/STM32F4xx_HAL_Driver/Src/stm32f4xx_hal_tim.o
 .debug_abbrev  0x00001cbf      0x255 Drivers/STM32F4xx_HAL_Driver/Src/stm32f4xx_hal_tim_ex.o
 .debug_abbrev  0x00001f14      0x306 Drivers/STM32F4xx_HAL_Driver/Src/stm32f4xx_hal_uart.o
 .debug_abbrev  0x0000221a      0x160 Middlewares/FreeModbus/app/user_mb_app.o
 .debug_abbrev  0x0000237a      0x24b Middlewares/FreeModbus/functions/mbfunccoils.o
 .debug_abbrev  0x000025c5      0x23c Middlewares/FreeModbus/functions/mbfuncdisc.o
 .debug_abbrev  0x00002801      0x23c Middlewares/FreeModbus/functions/mbfuncholding.o
 .debug_abbrev  0x00002a3d      0x23c Middlewares/FreeModbus/functions/mbfuncinput.o
 .debug_abbrev  0x00002c79      0x22f Middlewares/FreeModbus/functions/mbfuncother.o
 .debug_abbrev  0x00002ea8      0x22c Middlewares/FreeModbus/functions/mbutils.o
 .debug_abbrev  0x000030d4      0x2f0 Middlewares/FreeModbus/mb.o
 .debug_abbrev  0x000033c4       0xdd Middlewares/FreeModbus/port/portcritical.o
 .debug_abbrev  0x000034a1      0x10b Middlewares/FreeModbus/port/portevent.o
 .debug_abbrev  0x000035ac      0x201 Middlewares/FreeModbus/port/portserial.o
 .debug_abbrev  0x000037ad      0x1ee Middlewares/FreeModbus/port/porttimer.o
 .debug_abbrev  0x0000399b       0xe8 Middlewares/FreeModbus/rtu/mbcrc.o
 .debug_abbrev  0x00003a83      0x2aa Middlewares/FreeModbus/rtu/mbrtu.o
 .debug_abbrev  0x00003d2d       0x12 startup/startup_stm32f407xx.o

.debug_loc      0x00000000    0x10666
 .debug_loc     0x00000000       0x34 Core/Src/main.o
 .debug_loc     0x00000034      0x22b Core/Src/stm32f4xx_hal_msp.o
 .debug_loc     0x0000025f      0x13e Core/Src/system_stm32f4xx.o
 .debug_loc     0x0000039d      0x11b Drivers/STM32F4xx_HAL_Driver/Src/stm32f4xx_hal.o
 .debug_loc     0x000004b8      0x9fd Drivers/STM32F4xx_HAL_Driver/Src/stm32f4xx_hal_adc.o
 .debug_loc     0x00000eb5      0x940 Drivers/STM32F4xx_HAL_Driver/Src/stm32f4xx_hal_adc_ex.o
 .debug_loc     0x000017f5      0x5ce Drivers/STM32F4xx_HAL_Driver/Src/stm32f4xx_hal_cortex.o
 .debug_loc     0x00001dc3      0xb4e Drivers/STM32F4xx_HAL_Driver/Src/stm32f4xx_hal_dma.o
 .debug_loc     0x00002911      0x475 Drivers/STM32F4xx_HAL_Driver/Src/stm32f4xx_hal_gpio.o
 .debug_loc     0x00002d86      0x40f Drivers/STM32F4xx_HAL_Driver/Src/stm32f4xx_hal_rcc.o
 .debug_loc     0x00003195     0x1a84 Drivers/STM32F4xx_HAL_Driver/Src/stm32f4xx_hal_spi.o
 .debug_loc     0x00004c19     0x4a84 Drivers/STM32F4xx_HAL_Driver/Src/stm32f4xx_hal_tim.o
 .debug_loc     0x0000969d     0x1a83 Drivers/STM32F4xx_HAL_Driver/Src/stm32f4xx_hal_tim_ex.o
 .debug_loc     0x0000b120     0x335b Drivers/STM32F4xx_HAL_Driver/Src/stm32f4xx_hal_uart.o
 .debug_loc     0x0000e47b      0x32f Middlewares/FreeModbus/app/user_mb_app.o
 .debug_loc     0x0000e7aa      0x5ad Middlewares/FreeModbus/functions/mbfunccoils.o
 .debug_loc     0x0000ed57      0x23c Middlewares/FreeModbus/functions/mbfuncdisc.o
 .debug_loc     0x0000ef93      0x77f Middlewares/FreeModbus/functions/mbfuncholding.o
 .debug_loc     0x0000f712      0x1d2 Middlewares/FreeModbus/functions/mbfuncinput.o
 .debug_loc     0x0000f8e4      0x1d0 Middlewares/FreeModbus/functions/mbfuncother.o
 .debug_loc     0x0000fab4      0x2cc Middlewares/FreeModbus/functions/mbutils.o
 .debug_loc     0x0000fd80      0x334 Middlewares/FreeModbus/mb.o
 .debug_loc     0x000100b4       0x6e Middlewares/FreeModbus/port/portevent.o
 .debug_loc     0x00010122      0x165 Middlewares/FreeModbus/port/portserial.o
 .debug_loc     0x00010287       0x5c Middlewares/FreeModbus/port/porttimer.o
 .debug_loc     0x000102e3       0xc8 Middlewares/FreeModbus/rtu/mbcrc.o
 .debug_loc     0x000103ab      0x2bb Middlewares/FreeModbus/rtu/mbrtu.o

.debug_aranges  0x00000000     0x1228
 .debug_aranges
                0x00000000       0x68 Core/Src/main.o
 .debug_aranges
                0x00000068       0x68 Core/Src/stm32f4xx_hal_msp.o
 .debug_aranges
                0x000000d0       0xa0 Core/Src/stm32f4xx_it.o
 .debug_aranges
                0x00000170       0x28 Core/Src/system_stm32f4xx.o
 .debug_aranges
                0x00000198       0xf0 Drivers/STM32F4xx_HAL_Driver/Src/stm32f4xx_hal.o
 .debug_aranges
                0x00000288       0xe8 Drivers/STM32F4xx_HAL_Driver/Src/stm32f4xx_hal_adc.o
 .debug_aranges
                0x00000370       0x90 Drivers/STM32F4xx_HAL_Driver/Src/stm32f4xx_hal_adc_ex.o
 .debug_aranges
                0x00000400       0xa8 Drivers/STM32F4xx_HAL_Driver/Src/stm32f4xx_hal_cortex.o
 .debug_aranges
                0x000004a8       0x90 Drivers/STM32F4xx_HAL_Driver/Src/stm32f4xx_hal_dma.o
 .debug_aranges
                0x00000538       0x58 Drivers/STM32F4xx_HAL_Driver/Src/stm32f4xx_hal_gpio.o
 .debug_aranges
                0x00000590       0x88 Drivers/STM32F4xx_HAL_Driver/Src/stm32f4xx_hal_rcc.o
 .debug_aranges
                0x00000618      0x1d0 Drivers/STM32F4xx_HAL_Driver/Src/stm32f4xx_hal_spi.o
 .debug_aranges
                0x000007e8      0x3d0 Drivers/STM32F4xx_HAL_Driver/Src/stm32f4xx_hal_tim.o
 .debug_aranges
                0x00000bb8      0x168 Drivers/STM32F4xx_HAL_Driver/Src/stm32f4xx_hal_tim_ex.o
 .debug_aranges
                0x00000d20      0x200 Drivers/STM32F4xx_HAL_Driver/Src/stm32f4xx_hal_uart.o
 .debug_aranges
                0x00000f20       0x38 Middlewares/FreeModbus/app/user_mb_app.o
 .debug_aranges
                0x00000f58       0x30 Middlewares/FreeModbus/functions/mbfunccoils.o
 .debug_aranges
                0x00000f88       0x20 Middlewares/FreeModbus/functions/mbfuncdisc.o
 .debug_aranges
                0x00000fa8       0x38 Middlewares/FreeModbus/functions/mbfuncholding.o
 .debug_aranges
                0x00000fe0       0x20 Middlewares/FreeModbus/functions/mbfuncinput.o
 .debug_aranges
                0x00001000       0x28 Middlewares/FreeModbus/functions/mbfuncother.o
 .debug_aranges
                0x00001028       0x30 Middlewares/FreeModbus/functions/mbutils.o
 .debug_aranges
                0x00001058       0x48 Middlewares/FreeModbus/mb.o
 .debug_aranges
                0x000010a0       0x28 Middlewares/FreeModbus/port/portcritical.o
 .debug_aranges
                0x000010c8       0x30 Middlewares/FreeModbus/port/portevent.o
 .debug_aranges
                0x000010f8       0x58 Middlewares/FreeModbus/port/portserial.o
 .debug_aranges
                0x00001150       0x38 Middlewares/FreeModbus/port/porttimer.o
 .debug_aranges
                0x00001188       0x20 Middlewares/FreeModbus/rtu/mbcrc.o
 .debug_aranges
                0x000011a8       0x58 Middlewares/FreeModbus/rtu/mbrtu.o
 .debug_aranges
                0x00001200       0x28 startup/startup_stm32f407xx.o

.debug_ranges   0x00000000     0x10e0
 .debug_ranges  0x00000000       0x58 Core/Src/main.o
 .debug_ranges  0x00000058       0x58 Core/Src/stm32f4xx_hal_msp.o
 .debug_ranges  0x000000b0       0x90 Core/Src/stm32f4xx_it.o
 .debug_ranges  0x00000140       0x18 Core/Src/system_stm32f4xx.o
 .debug_ranges  0x00000158       0xe0 Drivers/STM32F4xx_HAL_Driver/Src/stm32f4xx_hal.o
 .debug_ranges  0x00000238       0xd8 Drivers/STM32F4xx_HAL_Driver/Src/stm32f4xx_hal_adc.o
 .debug_ranges  0x00000310       0x80 Drivers/STM32F4xx_HAL_Driver/Src/stm32f4xx_hal_adc_ex.o
 .debug_ranges  0x00000390       0xf8 Drivers/STM32F4xx_HAL_Driver/Src/stm32f4xx_hal_cortex.o
 .debug_ranges  0x00000488       0x80 Drivers/STM32F4xx_HAL_Driver/Src/stm32f4xx_hal_dma.o
 .debug_ranges  0x00000508       0x48 Drivers/STM32F4xx_HAL_Driver/Src/stm32f4xx_hal_gpio.o
 .debug_ranges  0x00000550       0x90 Drivers/STM32F4xx_HAL_Driver/Src/stm32f4xx_hal_rcc.o
 .debug_ranges  0x000005e0      0x1c0 Drivers/STM32F4xx_HAL_Driver/Src/stm32f4xx_hal_spi.o
 .debug_ranges  0x000007a0      0x3c0 Drivers/STM32F4xx_HAL_Driver/Src/stm32f4xx_hal_tim.o
 .debug_ranges  0x00000b60      0x158 Drivers/STM32F4xx_HAL_Driver/Src/stm32f4xx_hal_tim_ex.o
 .debug_ranges  0x00000cb8      0x208 Drivers/STM32F4xx_HAL_Driver/Src/stm32f4xx_hal_uart.o
 .debug_ranges  0x00000ec0       0x28 Middlewares/FreeModbus/app/user_mb_app.o
 .debug_ranges  0x00000ee8       0x20 Middlewares/FreeModbus/functions/mbfunccoils.o
 .debug_ranges  0x00000f08       0x10 Middlewares/FreeModbus/functions/mbfuncdisc.o
 .debug_ranges  0x00000f18       0x28 Middlewares/FreeModbus/functions/mbfuncholding.o
 .debug_ranges  0x00000f40       0x10 Middlewares/FreeModbus/functions/mbfuncinput.o
 .debug_ranges  0x00000f50       0x18 Middlewares/FreeModbus/functions/mbfuncother.o
 .debug_ranges  0x00000f68       0x20 Middlewares/FreeModbus/functions/mbutils.o
 .debug_ranges  0x00000f88       0x38 Middlewares/FreeModbus/mb.o
 .debug_ranges  0x00000fc0       0x18 Middlewares/FreeModbus/port/portcritical.o
 .debug_ranges  0x00000fd8       0x20 Middlewares/FreeModbus/port/portevent.o
 .debug_ranges  0x00000ff8       0x48 Middlewares/FreeModbus/port/portserial.o
 .debug_ranges  0x00001040       0x28 Middlewares/FreeModbus/port/porttimer.o
 .debug_ranges  0x00001068       0x10 Middlewares/FreeModbus/rtu/mbcrc.o
 .debug_ranges  0x00001078       0x48 Middlewares/FreeModbus/rtu/mbrtu.o
 .debug_ranges  0x000010c0       0x20 startup/startup_stm32f407xx.o

.debug_macro    0x00000000    0x25325
 .debug_macro   0x00000000      0x2dc Core/Src/main.o
 .debug_macro   0x000002dc      0xa54 Core/Src/main.o
 .debug_macro   0x00000d30      0x2a7 Core/Src/main.o
 .debug_macro   0x00000fd7       0x2e Core/Src/main.o
 .debug_macro   0x00001005       0x2f Core/Src/main.o
 .debug_macro   0x00001034       0x22 Core/Src/main.o
 .debug_macro   0x00001056       0x8e Core/Src/main.o
 .debug_macro   0x000010e4       0x51 Core/Src/main.o
 .debug_macro   0x00001135       0xef Core/Src/main.o
 .debug_macro   0x00001224       0x6a Core/Src/main.o
 .debug_macro   0x0000128e      0x1df Core/Src/main.o
 .debug_macro   0x0000146d       0x1c Core/Src/main.o
 .debug_macro   0x00001489       0x22 Core/Src/main.o
 .debug_macro   0x000014ab       0xdf Core/Src/main.o
 .debug_macro   0x0000158a     0x102d Core/Src/main.o
 .debug_macro   0x000025b7      0x11f Core/Src/main.o
 .debug_macro   0x000026d6    0x15e58 Core/Src/main.o
 .debug_macro   0x0001852e       0x6d Core/Src/main.o
 .debug_macro   0x0001859b     0x3666 Core/Src/main.o
 .debug_macro   0x0001bc01      0x174 Core/Src/main.o
 .debug_macro   0x0001bd75       0x5c Core/Src/main.o
 .debug_macro   0x0001bdd1      0x96b Core/Src/main.o
 .debug_macro   0x0001c73c      0x9fe Core/Src/main.o
 .debug_macro   0x0001d13a      0x116 Core/Src/main.o
 .debug_macro   0x0001d250      0x13e Core/Src/main.o
 .debug_macro   0x0001d38e       0xa5 Core/Src/main.o
 .debug_macro   0x0001d433      0x174 Core/Src/main.o
 .debug_macro   0x0001d5a7      0x287 Core/Src/main.o
 .debug_macro   0x0001d82e       0x5f Core/Src/main.o
 .debug_macro   0x0001d88d      0x236 Core/Src/main.o
 .debug_macro   0x0001dac3      0xb5b Core/Src/main.o
 .debug_macro   0x0001e61e      0x38b Core/Src/main.o
 .debug_macro   0x0001e9a9      0x176 Core/Src/main.o
 .debug_macro   0x0001eb1f       0xf9 Core/Src/main.o
 .debug_macro   0x0001ec18      0x12c Core/Src/main.o
 .debug_macro   0x0001ed44      0x21e Core/Src/main.o
 .debug_macro   0x0001ef62       0x2e Core/Src/main.o
 .debug_macro   0x0001ef90      0x11a Core/Src/main.o
 .debug_macro   0x0001f0aa       0x7e Core/Src/main.o
 .debug_macro   0x0001f128       0x89 Core/Src/main.o
 .debug_macro   0x0001f1b1      0x225 Core/Src/main.o
 .debug_macro   0x0001f3d6      0x8d1 Core/Src/main.o
 .debug_macro   0x0001fca7       0x47 Core/Src/main.o
 .debug_macro   0x0001fcee      0x295 Core/Src/main.o
 .debug_macro   0x0001ff83      0x12d Core/Src/main.o
 .debug_macro   0x000200b0       0x10 Core/Src/main.o
 .debug_macro   0x000200c0       0x5e Core/Src/main.o
 .debug_macro   0x0002011e       0x18 Core/Src/main.o
 .debug_macro   0x00020136       0x35 Core/Src/main.o
 .debug_macro   0x0002016b       0x34 Core/Src/main.o
 .debug_macro   0x0002019f       0x1c Core/Src/main.o
 .debug_macro   0x000201bb       0x10 Core/Src/main.o
 .debug_macro   0x000201cb       0x35 Core/Src/main.o
 .debug_macro   0x00020200      0x4cc Core/Src/main.o
 .debug_macro   0x000206cc       0x7c Core/Src/main.o
 .debug_macro   0x00020748       0x2e Core/Src/main.o
 .debug_macro   0x00020776       0x10 Core/Src/main.o
 .debug_macro   0x00020786       0x7c Core/Src/main.o
 .debug_macro   0x00020802       0x10 Core/Src/main.o
 .debug_macro   0x00020812       0x22 Core/Src/main.o
 .debug_macro   0x00020834       0x58 Core/Src/main.o
 .debug_macro   0x0002088c      0x20f Core/Src/stm32f4xx_hal_msp.o
 .debug_macro   0x00020a9b      0x219 Core/Src/stm32f4xx_it.o
 .debug_macro   0x00020cb4      0x200 Core/Src/system_stm32f4xx.o
 .debug_macro   0x00020eb4      0x260 Drivers/STM32F4xx_HAL_Driver/Src/stm32f4xx_hal.o
 .debug_macro   0x00021114      0x201 Drivers/STM32F4xx_HAL_Driver/Src/stm32f4xx_hal_adc.o
 .debug_macro   0x00021315      0x200 Drivers/STM32F4xx_HAL_Driver/Src/stm32f4xx_hal_adc_ex.o
 .debug_macro   0x00021515      0x200 Drivers/STM32F4xx_HAL_Driver/Src/stm32f4xx_hal_cortex.o
 .debug_macro   0x00021715      0x206 Drivers/STM32F4xx_HAL_Driver/Src/stm32f4xx_hal_dma.o
 .debug_macro   0x0002191b      0x206 Drivers/STM32F4xx_HAL_Driver/Src/stm32f4xx_hal_gpio.o
 .debug_macro   0x00021b21      0x224 Drivers/STM32F4xx_HAL_Driver/Src/stm32f4xx_hal_rcc.o
 .debug_macro   0x00021d45      0x20f Drivers/STM32F4xx_HAL_Driver/Src/stm32f4xx_hal_spi.o
 .debug_macro   0x00021f54      0x201 Drivers/STM32F4xx_HAL_Driver/Src/stm32f4xx_hal_tim.o
 .debug_macro   0x00022155      0x200 Drivers/STM32F4xx_HAL_Driver/Src/stm32f4xx_hal_tim_ex.o
 .debug_macro   0x00022355      0x201 Drivers/STM32F4xx_HAL_Driver/Src/stm32f4xx_hal_uart.o
 .debug_macro   0x00022556      0x2d9 Middlewares/FreeModbus/app/user_mb_app.o
 .debug_macro   0x0002282f       0x82 Middlewares/FreeModbus/app/user_mb_app.o
 .debug_macro   0x000228b1      0x104 Middlewares/FreeModbus/app/user_mb_app.o
 .debug_macro   0x000229b5      0x3b9 Middlewares/FreeModbus/functions/mbfunccoils.o
 .debug_macro   0x00022d6e      0x383 Middlewares/FreeModbus/functions/mbfuncdisc.o
 .debug_macro   0x000230f1      0x3e3 Middlewares/FreeModbus/functions/mbfuncholding.o
 .debug_macro   0x000234d4      0x389 Middlewares/FreeModbus/functions/mbfuncinput.o
 .debug_macro   0x0002385d      0x36b Middlewares/FreeModbus/functions/mbfuncother.o
 .debug_macro   0x00023bc8      0x368 Middlewares/FreeModbus/functions/mbutils.o
 .debug_macro   0x00023f30      0x389 Middlewares/FreeModbus/mb.o
 .debug_macro   0x000242b9      0x219 Middlewares/FreeModbus/port/portcritical.o
 .debug_macro   0x000244d2      0x2b2 Middlewares/FreeModbus/port/portevent.o
 .debug_macro   0x00024784      0x2c2 Middlewares/FreeModbus/port/portserial.o
 .debug_macro   0x00024a46      0x2b6 Middlewares/FreeModbus/port/porttimer.o
 .debug_macro   0x00024cfc      0x28c Middlewares/FreeModbus/rtu/mbcrc.o
 .debug_macro   0x00024f88      0x39d Middlewares/FreeModbus/rtu/mbrtu.o

.debug_line     0x00000000    0x155c3
 .debug_line    0x00000000      0xa9e Core/Src/main.o
 .debug_line    0x00000a9e      0x887 Core/Src/stm32f4xx_hal_msp.o
 .debug_line    0x00001325      0x886 Core/Src/stm32f4xx_it.o
 .debug_line    0x00001bab      0x787 Core/Src/system_stm32f4xx.o
 .debug_line    0x00002332      0x965 Drivers/STM32F4xx_HAL_Driver/Src/stm32f4xx_hal.o
 .debug_line    0x00002c97      0xc5f Drivers/STM32F4xx_HAL_Driver/Src/stm32f4xx_hal_adc.o
 .debug_line    0x000038f6      0xac3 Drivers/STM32F4xx_HAL_Driver/Src/stm32f4xx_hal_adc_ex.o
 .debug_line    0x000043b9      0x9b7 Drivers/STM32F4xx_HAL_Driver/Src/stm32f4xx_hal_cortex.o
 .debug_line    0x00004d70      0xa8d Drivers/STM32F4xx_HAL_Driver/Src/stm32f4xx_hal_dma.o
 .debug_line    0x000057fd      0x8e3 Drivers/STM32F4xx_HAL_Driver/Src/stm32f4xx_hal_gpio.o
 .debug_line    0x000060e0      0x9f5 Drivers/STM32F4xx_HAL_Driver/Src/stm32f4xx_hal_rcc.o
 .debug_line    0x00006ad5     0x11da Drivers/STM32F4xx_HAL_Driver/Src/stm32f4xx_hal_spi.o
 .debug_line    0x00007caf     0x248e Drivers/STM32F4xx_HAL_Driver/Src/stm32f4xx_hal_tim.o
 .debug_line    0x0000a13d     0x13b2 Drivers/STM32F4xx_HAL_Driver/Src/stm32f4xx_hal_tim_ex.o
 .debug_line    0x0000b4ef     0x1c8d Drivers/STM32F4xx_HAL_Driver/Src/stm32f4xx_hal_uart.o
 .debug_line    0x0000d17c      0x964 Middlewares/FreeModbus/app/user_mb_app.o
 .debug_line    0x0000dae0      0x9f7 Middlewares/FreeModbus/functions/mbfunccoils.o
 .debug_line    0x0000e4d7      0x971 Middlewares/FreeModbus/functions/mbfuncdisc.o
 .debug_line    0x0000ee48      0xa1b Middlewares/FreeModbus/functions/mbfuncholding.o
 .debug_line    0x0000f863      0x972 Middlewares/FreeModbus/functions/mbfuncinput.o
 .debug_line    0x000101d5      0x98e Middlewares/FreeModbus/functions/mbfuncother.o
 .debug_line    0x00010b63      0x97d Middlewares/FreeModbus/functions/mbutils.o
 .debug_line    0x000114e0      0xaaa Middlewares/FreeModbus/mb.o
 .debug_line    0x00011f8a      0x7ab Middlewares/FreeModbus/port/portcritical.o
 .debug_line    0x00012735      0x8e0 Middlewares/FreeModbus/port/portevent.o
 .debug_line    0x00013015      0x94c Middlewares/FreeModbus/port/portserial.o
 .debug_line    0x00013961      0x8fc Middlewares/FreeModbus/port/porttimer.o
 .debug_line    0x0001425d      0x89d Middlewares/FreeModbus/rtu/mbcrc.o
 .debug_line    0x00014afa      0xa48 Middlewares/FreeModbus/rtu/mbrtu.o
 .debug_line    0x00015542       0x81 startup/startup_stm32f407xx.o

.debug_str      0x00000000    0xdb16e
 .debug_str     0x00000000    0xd3fa6 Core/Src/main.o
                              0xd43ef (size before relaxing)
 .debug_str     0x000d3fa6      0x11f Core/Src/stm32f4xx_hal_msp.o
                              0xd2167 (size before relaxing)
 .debug_str     0x000d40c5      0x1b3 Core/Src/stm32f4xx_it.o
                              0xd19c2 (size before relaxing)
 .debug_str     0x000d4278       0xaf Core/Src/system_stm32f4xx.o
                              0xd10bb (size before relaxing)
 .debug_str     0x000d4327      0x592 Drivers/STM32F4xx_HAL_Driver/Src/stm32f4xx_hal.o
                              0xd1be2 (size before relaxing)
 .debug_str     0x000d48b9      0x29f Drivers/STM32F4xx_HAL_Driver/Src/stm32f4xx_hal_adc.o
                              0xd16b5 (size before relaxing)
 .debug_str     0x000d4b58      0x2df Drivers/STM32F4xx_HAL_Driver/Src/stm32f4xx_hal_adc_ex.o
                              0xd1718 (size before relaxing)
 .debug_str     0x000d4e37      0x326 Drivers/STM32F4xx_HAL_Driver/Src/stm32f4xx_hal_cortex.o
                              0xd198c (size before relaxing)
 .debug_str     0x000d515d      0x2c7 Drivers/STM32F4xx_HAL_Driver/Src/stm32f4xx_hal_dma.o
                              0xd14f1 (size before relaxing)
 .debug_str     0x000d5424      0x11c Drivers/STM32F4xx_HAL_Driver/Src/stm32f4xx_hal_gpio.o
                              0xd1262 (size before relaxing)
 .debug_str     0x000d5540      0x233 Drivers/STM32F4xx_HAL_Driver/Src/stm32f4xx_hal_rcc.o
                              0xd14e4 (size before relaxing)
 .debug_str     0x000d5773      0x567 Drivers/STM32F4xx_HAL_Driver/Src/stm32f4xx_hal_spi.o
                              0xd199b (size before relaxing)
 .debug_str     0x000d5cda      0xcfd Drivers/STM32F4xx_HAL_Driver/Src/stm32f4xx_hal_tim.o
                              0xd243d (size before relaxing)
 .debug_str     0x000d69d7      0x3fe Drivers/STM32F4xx_HAL_Driver/Src/stm32f4xx_hal_tim_ex.o
                              0xd1c3e (size before relaxing)
 .debug_str     0x000d6dd5      0x5d3 Drivers/STM32F4xx_HAL_Driver/Src/stm32f4xx_hal_uart.o
                              0xd1aba (size before relaxing)
 .debug_str     0x000d73a8      0x224 Middlewares/FreeModbus/app/user_mb_app.o
                              0xd2fae (size before relaxing)
 .debug_str     0x000d75cc     0x2d2b Middlewares/FreeModbus/functions/mbfunccoils.o
                              0xd5a03 (size before relaxing)
 .debug_str     0x000da2f7       0xb6 Middlewares/FreeModbus/functions/mbfuncdisc.o
                              0xd57ec (size before relaxing)
 .debug_str     0x000da3ad      0x415 Middlewares/FreeModbus/functions/mbfuncholding.o
                              0xd5c15 (size before relaxing)
 .debug_str     0x000da7c2       0x80 Middlewares/FreeModbus/functions/mbfuncinput.o
                              0xd5810 (size before relaxing)
 .debug_str     0x000da842       0xb4 Middlewares/FreeModbus/functions/mbfuncother.o
                              0xd575a (size before relaxing)
 .debug_str     0x000da8f6       0xad Middlewares/FreeModbus/functions/mbutils.o
                              0xd5704 (size before relaxing)
 .debug_str     0x000da9a3      0x2bf Middlewares/FreeModbus/mb.o
                              0xd59af (size before relaxing)
 .debug_str     0x000dac62       0x46 Middlewares/FreeModbus/port/portcritical.o
                              0xd0fd4 (size before relaxing)
 .debug_str     0x000daca8       0x55 Middlewares/FreeModbus/port/portevent.o
                              0xd2c66 (size before relaxing)
 .debug_str     0x000dacfd      0x174 Middlewares/FreeModbus/port/portserial.o
                              0xd326e (size before relaxing)
 .debug_str     0x000dae71       0x79 Middlewares/FreeModbus/port/porttimer.o
                              0xd31b0 (size before relaxing)
 .debug_str     0x000daeea       0x49 Middlewares/FreeModbus/rtu/mbcrc.o
                              0xd28c3 (size before relaxing)
 .debug_str     0x000daf33      0x20c Middlewares/FreeModbus/rtu/mbrtu.o
                              0xd5904 (size before relaxing)
 .debug_str     0x000db13f       0x2f startup/startup_stm32f407xx.o
                                 0x6c (size before relaxing)

.comment        0x00000000       0x7f
 .comment       0x00000000       0x7f Core/Src/main.o
                                 0x80 (size before relaxing)
 .comment       0x0000007f       0x80 Core/Src/stm32f4xx_hal_msp.o
 .comment       0x0000007f       0x80 Core/Src/stm32f4xx_it.o
 .comment       0x0000007f       0x80 Core/Src/system_stm32f4xx.o
 .comment       0x0000007f       0x80 Drivers/STM32F4xx_HAL_Driver/Src/stm32f4xx_hal.o
 .comment       0x0000007f       0x80 Drivers/STM32F4xx_HAL_Driver/Src/stm32f4xx_hal_adc.o
 .comment       0x0000007f       0x80 Drivers/STM32F4xx_HAL_Driver/Src/stm32f4xx_hal_adc_ex.o
 .comment       0x0000007f       0x80 Drivers/STM32F4xx_HAL_Driver/Src/stm32f4xx_hal_cortex.o
 .comment       0x0000007f       0x80 Drivers/STM32F4xx_HAL_Driver/Src/stm32f4xx_hal_dma.o
 .comment       0x0000007f       0x80 Drivers/STM32F4xx_HAL_Driver/Src/stm32f4xx_hal_gpio.o
 .comment       0x0000007f       0x80 Drivers/STM32F4xx_HAL_Driver/Src/stm32f4xx_hal_rcc.o
 .comment       0x0000007f       0x80 Drivers/STM32F4xx_HAL_Driver/Src/stm32f4xx_hal_spi.o
 .comment       0x0000007f       0x80 Drivers/STM32F4xx_HAL_Driver/Src/stm32f4xx_hal_tim.o
 .comment       0x0000007f       0x80 Drivers/STM32F4xx_HAL_Driver/Src/stm32f4xx_hal_tim_ex.o
 .comment       0x0000007f       0x80 Drivers/STM32F4xx_HAL_Driver/Src/stm32f4xx_hal_uart.o
 .comment       0x0000007f       0x80 Middlewares/FreeModbus/app/user_mb_app.o
 .comment       0x0000007f       0x80 Middlewares/FreeModbus/functions/mbfunccoils.o
 .comment       0x0000007f       0x80 Middlewares/FreeModbus/functions/mbfuncdisc.o
 .comment       0x0000007f       0x80 Middlewares/FreeModbus/functions/mbfuncholding.o
 .comment       0x0000007f       0x80 Middlewares/FreeModbus/functions/mbfuncinput.o
 .comment       0x0000007f       0x80 Middlewares/FreeModbus/functions/mbfuncother.o
 .comment       0x0000007f       0x80 Middlewares/FreeModbus/functions/mbutils.o
 .comment       0x0000007f       0x80 Middlewares/FreeModbus/mb.o
 .comment       0x0000007f       0x80 Middlewares/FreeModbus/port/portcritical.o
 .comment       0x0000007f       0x80 Middlewares/FreeModbus/port/portevent.o
 .comment       0x0000007f       0x80 Middlewares/FreeModbus/port/portserial.o
 .comment       0x0000007f       0x80 Middlewares/FreeModbus/port/porttimer.o
 .comment       0x0000007f       0x80 Middlewares/FreeModbus/rtu/mbcrc.o
 .comment       0x0000007f       0x80 Middlewares/FreeModbus/rtu/mbrtu.o

.debug_frame    0x00000000     0x31a4
 .debug_frame   0x00000000      0x130 Core/Src/main.o
 .debug_frame   0x00000130      0x12c Core/Src/stm32f4xx_hal_msp.o
 .debug_frame   0x0000025c      0x168 Core/Src/stm32f4xx_it.o
 .debug_frame   0x000003c4       0x30 Core/Src/system_stm32f4xx.o
 .debug_frame   0x000003f4      0x1ec Drivers/STM32F4xx_HAL_Driver/Src/stm32f4xx_hal.o
 .debug_frame   0x000005e0      0x27c Drivers/STM32F4xx_HAL_Driver/Src/stm32f4xx_hal_adc.o
 .debug_frame   0x0000085c      0x18c Drivers/STM32F4xx_HAL_Driver/Src/stm32f4xx_hal_adc_ex.o
 .debug_frame   0x000009e8      0x15c Drivers/STM32F4xx_HAL_Driver/Src/stm32f4xx_hal_cortex.o
 .debug_frame   0x00000b44      0x188 Drivers/STM32F4xx_HAL_Driver/Src/stm32f4xx_hal_dma.o
 .debug_frame   0x00000ccc       0xd8 Drivers/STM32F4xx_HAL_Driver/Src/stm32f4xx_hal_gpio.o
 .debug_frame   0x00000da4      0x184 Drivers/STM32F4xx_HAL_Driver/Src/stm32f4xx_hal_rcc.o
 .debug_frame   0x00000f28      0x5a0 Drivers/STM32F4xx_HAL_Driver/Src/stm32f4xx_hal_spi.o
 .debug_frame   0x000014c8      0xb94 Drivers/STM32F4xx_HAL_Driver/Src/stm32f4xx_hal_tim.o
 .debug_frame   0x0000205c      0x47c Drivers/STM32F4xx_HAL_Driver/Src/stm32f4xx_hal_tim_ex.o
 .debug_frame   0x000024d8      0x5c8 Drivers/STM32F4xx_HAL_Driver/Src/stm32f4xx_hal_uart.o
 .debug_frame   0x00002aa0       0x74 Middlewares/FreeModbus/app/user_mb_app.o
 .debug_frame   0x00002b14       0x94 Middlewares/FreeModbus/functions/mbfunccoils.o
 .debug_frame   0x00002ba8       0x2c Middlewares/FreeModbus/functions/mbfuncdisc.o
 .debug_frame   0x00002bd4       0xac Middlewares/FreeModbus/functions/mbfuncholding.o
 .debug_frame   0x00002c80       0x40 Middlewares/FreeModbus/functions/mbfuncinput.o
 .debug_frame   0x00002cc0       0x48 Middlewares/FreeModbus/functions/mbfuncother.o
 .debug_frame   0x00002d08       0x5c Middlewares/FreeModbus/functions/mbutils.o
 .debug_frame   0x00002d64       0xb4 Middlewares/FreeModbus/mb.o
 .debug_frame   0x00002e18       0x30 Middlewares/FreeModbus/port/portcritical.o
 .debug_frame   0x00002e48       0x40 Middlewares/FreeModbus/port/portevent.o
 .debug_frame   0x00002e88       0xc4 Middlewares/FreeModbus/port/portserial.o
 .debug_frame   0x00002f4c       0x68 Middlewares/FreeModbus/port/porttimer.o
 .debug_frame   0x00002fb4       0x30 Middlewares/FreeModbus/rtu/mbcrc.o
 .debug_frame   0x00002fe4       0xec Middlewares/FreeModbus/rtu/mbrtu.o
 .debug_frame   0x000030d0       0x2c c:/ac6/systemworkbench/plugins/fr.ac6.mcu.externaltools.arm-none.win32_1.17.0.201812190825/tools/compiler/bin/../lib/gcc/arm-none-eabi/7.3.1/thumb/v7e-m/fpv4-sp/hard\libgcc.a(_aeabi_uldivmod.o)
 .debug_frame   0x000030fc       0x34 c:/ac6/systemworkbench/plugins/fr.ac6.mcu.externaltools.arm-none.win32_1.17.0.201812190825/tools/compiler/bin/../lib/gcc/arm-none-eabi/7.3.1/thumb/v7e-m/fpv4-sp/hard\libgcc.a(_udivmoddi4.o)
 .debug_frame   0x00003130       0x2c c:/ac6/systemworkbench/plugins/fr.ac6.mcu.externaltools.arm-none.win32_1.17.0.201812190825/tools/compiler/bin/../lib/gcc/arm-none-eabi/7.3.1/../../../../arm-none-eabi/lib/thumb/v7e-m/fpv4-sp/hard\libc_nano.a(lib_a-init.o)
 .debug_frame   0x0000315c       0x28 c:/ac6/systemworkbench/plugins/fr.ac6.mcu.externaltools.arm-none.win32_1.17.0.201812190825/tools/compiler/bin/../lib/gcc/arm-none-eabi/7.3.1/../../../../arm-none-eabi/lib/thumb/v7e-m/fpv4-sp/hard\libc_nano.a(lib_a-memcpy-stub.o)
 .debug_frame   0x00003184       0x20 c:/ac6/systemworkbench/plugins/fr.ac6.mcu.externaltools.arm-none.win32_1.17.0.201812190825/tools/compiler/bin/../lib/gcc/arm-none-eabi/7.3.1/../../../../arm-none-eabi/lib/thumb/v7e-m/fpv4-sp/hard\libc_nano.a(lib_a-memset.o)
